******************************************************************************
                  TI ARM Linker PC v20.2.3                     
******************************************************************************
>> Linked Fri Nov  6 14:29:20 2020

OUTPUT FILE NAME:   <i2ctmp_MSP_EXP432P401R_tirtos_ccs.out>
ENTRY POINT SYMBOL: "_c_int00"  address: 00004db1


MEMORY CONFIGURATION

         name            origin    length      used     unused   attr    fill
----------------------  --------  ---------  --------  --------  ----  --------
  MAIN                  00000000   00040000  000078a8  00038758  R  X
  INFO                  00200000   00004000  00000000  00004000  R  X
  SRAM_CODE             01000000   00010000  00009423  00006bdd  RW X
  SRAM_DATA             20000000   00010000  00009423  00006bdd  RW  


SEGMENT ALLOCATION MAP

run origin  load origin   length   init length attrs members
----------  ----------- ---------- ----------- ----- -------
00000000    00000000    000078b0   000078b0    r-x
  00000000    00000000    0000003c   0000003c    r-- .resetVecs
  00000040    00000040    00007062   00007062    r-x .text
  000070a4    000070a4    000005d2   000005d2    r-- .const
  00007678    00007678    00000238   00000238    r-- .cinit
20000140    20000140    00008000   00000000    r--
  20000140    20000140    00008000   00000000    r-- .priheap
20008140    20008140    00000ee3   00000000    rw-
  20008140    20008140    000008cc   00000000    rw- .bss
  20008a0c    20008a0c    00000617   00000000    rw- .data
2000fc00    2000fc00    00000400   00000000    rw-
  2000fc00    2000fc00    00000400   00000000    rw- .stack


SECTION ALLOCATION MAP

 output                                  attributes/
section   page    origin      length       input sections
--------  ----  ----------  ----------   ----------------
.text      0    00000040    00007062     
                  00000040    00000468     sysbios.aem4f : BIOS.obj (.text:xdc_runtime_System_doPrint__I)
                  000004a8    000002f8     drivers_msp432p401x.aem4f : PowerMSP432.oem4f (.text:Power_sleep)
                  000007a0    000002d0                               : UARTMSP432.oem4f (.text:UARTMSP432_open)
                  00000a70    0000028a     msp432p4xx_driverlib.lib : pcm.o (.text:__PCM_setPowerStateAdvanced)
                  00000cfa    00000002     ti_drivers_config.obj (.text:Board_initHook)
                  00000cfc    00000288     drivers_msp432p401x.aem4f : PowerMSP432.oem4f (.text:initPerfControl)
                  00000f84    000001f8                               : I2CMSP432.oem4f (.text:I2CMSP432_open)
                  0000117c    000001b6     rtsv7M4_T_le_v4SPD16_eabi.lib : fd_add_t2.asm.obj (.text)
                  00001332    00000002     display.aem4f : DisplayUart.oem4f (.text:DisplayUartMin_clear)
                  00001334    00000188     release_pem4f.oem4f (.text:xdc_runtime_System_printfExtend__I)
                  000014bc    00000184     drivers_msp432p401x.aem4f : I2CMSP432.oem4f (.text:I2CMSP432_hwiIntFxn)
                  00001640    00000170                               : GPIOMSP432.oem4f (.text:GPIO_setConfig)
                  000017b0    0000015c     msp432p4xx_driverlib.lib : pcm.o (.text:__PCM_setPowerModeAdvanced)
                  0000190c    00000004                              : cpu.o (.text:CPU_wfi)
                  00001910    00000130     sysbios.aem4f : BIOS.obj (.text:ti_sysbios_knl_Semaphore_pend__E)
                  00001a40    00000128     i2ctmp.obj (.text:VL6180X_init)
                  00001b68    0000011c     msp432p4xx_driverlib.lib : uart.o (.text:UART_initModule)
                  00001c84    0000011c     drivers_msp432p401x.aem4f : I2CMSP432.oem4f (.text:primeTransfer)
                  00001da0    00000110     i2ctmp.obj (.text:mainThread)
                  00001eb0    00000108     msp432p4xx_driverlib.lib : pcm.o (.text:__PCM_setCoreVoltageLevelAdvanced)
                  00001fb8    00000108     sysbios.aem4f : BIOS.obj (.text:ti_sysbios_knl_Task_postInit__I)
                  000020c0    00000108                   : BIOS.obj (.text:xdc_runtime_Startup_startMods__I)
                  000021c8    00000104                   : BIOS.obj (.text:ti_sysbios_knl_Task_Instance_finalize__E)
                  000022cc    000000fc     rtsv7M4_T_le_v4SPD16_eabi.lib : fd_mul_t2.asm.obj (.text)
                  000023c8    000000f8     sysbios.aem4f : BIOS.obj (.text:ti_sysbios_family_arm_msp432_init_Boot_configureClocksHigh)
                  000024c0    000000f0     drivers_msp432p401x.aem4f : I2CMSP432.oem4f (.text:I2CMSP432_transfer)
                  000025b0    000000f0     sysbios.aem4f : BIOS.obj (.text:pthread_create)
                  000026a0    000000f0                   : m3_Hwi_asm.obj (.text:ti_sysbios_family_arm_m3_Hwi_dispatch__I)
                  00002790    000000e4     msp432p4xx_driverlib.lib : cs.o (.text:CS_startHFXTWithTimeout)
                  00002874    000000e0                              : cs.o (.text:CS_startLFXTWithTimeout)
                  00002954    00000004     dpl_msp432p401x.aem4f : ClockP_tirtos.oem4f (.text:ClockP_setTimeout)
                  00002958    000000e0     sysbios.aem4f : BIOS.obj (.text:ti_sysbios_knl_Task_Instance_init__E)
                  00002a38    000000dc     drivers_msp432p401x.aem4f : UARTMSP432.oem4f (.text:UARTMSP432_readPolling)
                  00002b14    000000dc     msp432p4xx_driverlib.lib : cs.o (.text:_CSGetHFXTFrequency)
                  00002bf0    000000d0     sysbios.aem4f : BIOS.obj (.text:ti_sysbios_heaps_HeapMem_alloc__E)
                  00002cc0    000000ca     drivers_msp432p401x.aem4f : UARTMSP432.oem4f (.text:UARTMSP432_hwiIntFxn)
                  00002d8a    00000002     display.aem4f : DisplayUart.oem4f (.text:DisplayUartMin_clearLines)
                  00002d8c    000000b8     drivers_msp432p401x.aem4f : UARTMSP432.oem4f (.text:initHw)
                  00002e44    000000b8                               : UARTMSP432.oem4f (.text:readTaskCallback)
                  00002efc    00000004     dpl_msp432p401x.aem4f : ClockP_tirtos.oem4f (.text:ClockP_start)
                  00002f00    000000b8     sysbios.aem4f : BIOS.obj (.text:ti_sysbios_family_arm_m3_Hwi_Instance_init__E)
                  00002fb8    000000b4     drivers_msp432p401x.aem4f : UARTMSP432.oem4f (.text:UARTMSP432_control)
                  0000306c    000000b4                               : UARTMSP432.oem4f (.text:UARTMSP432_writePolling)
                  00003120    000000ac                               : GPIOMSP432.oem4f (.text:GPIO_init)
                  000031cc    000000ac                               : I2CMSP432.oem4f (.text:I2CMSP432_cancel)
                  00003278    000000aa     sysbios.aem4f : BIOS.obj (.text:xdc_runtime_Core_createObject__I)
                  00003322    000000a8     drivers_msp432p401x.aem4f : UARTMSP432.oem4f (.text:UARTMSP432_write)
                  000033ca    000000a8                               : UARTMSP432.oem4f (.text:readTaskBlocking)
                  00003472    00000006     display.aem4f : DisplayUart.oem4f (.text:DisplayUartMin_control)
                  00003478    000000a8     sysbios.aem4f : BIOS.obj (.text:ti_sysbios_family_arm_msp432_Timer_periodicStub__E)
                  00003520    000000a4                   : BIOS.obj (.text:ti_sysbios_knl_Task_setPri__E)
                  000035c4    000000a0     auto_init.aem4f : auto_init.oem4f (.text)
                  00003664    000000a0     drivers_msp432p401x.aem4f : UARTMSP432.oem4f (.text:readIsrTextCallback)
                  00003704    0000009c                               : PowerMSP432.oem4f (.text:Power_init)
                  000037a0    0000009c     rtsv7M4_T_le_v4SPD16_eabi.lib : memcpy_t2.asm.obj (.text)
                  0000383c    00000004     dpl_msp432p401x.aem4f : ClockP_tirtos.oem4f (.text:ClockP_stop)
                  00003840    00000094     sysbios.aem4f : BIOS.obj (.text:_pthread_removeThreadKeys)
                  000038d4    00000094     i2ctmp.obj (.text:readReg16Bit)
                  00003968    00000094     sysbios.aem4f : BIOS.obj (.text:ti_sysbios_family_arm_m3_Hwi_initNVIC__E)
                  000039fc    00000004     dpl_msp432p401x.aem4f : HwiP_tirtos.oem4f (.text:HwiP_disable)
                  00003a00    00000094     sysbios.aem4f : BIOS.obj (.text:ti_sysbios_knl_Task_exit__E)
                  00003a94    00000092     drivers_msp432p401x.aem4f : UARTMSP432.oem4f (.text:UARTMSP432_close)
                  00003b26    00000092                               : UARTMSP432.oem4f (.text:writeData)
                  00003bb8    00000090     sysbios.aem4f : BIOS.obj (.text:ti_sysbios_knl_Task_Module_startup__E)
                  00003c48    0000008c     drivers_msp432p401x.aem4f : UARTMSP432.oem4f (.text:readIsrTextBlocking)
                  00003cd4    0000008c     sysbios.aem4f : m3_TaskSupport_asm.obj (.text:ti_sysbios_family_arm_m3_TaskSupport_buildTaskStack)
                  00003d60    0000008c                   : BIOS.obj (.text:xdc_runtime_Memory_alloc__E)
                  00003dec    00000088     i2ctmp.obj (.text:writeReg16Bit)
                  00003e74    00000086     rtsv7M4_T_le_v4SPD16_eabi.lib : fd_cmp_t2.asm.obj (.text:__aeabi_cdcmple)
                  00003efa    00000086                                   : fd_cmp_t2.asm.obj (.text:__aeabi_cdrcmple)
                  00003f80    00000086     sysbios.aem4f : BIOS.obj (.text:xdc_runtime_Core_constructObject__I)
                  00004006    00000002     display.aem4f : DisplayUart.oem4f (.text:DisplayUartMin_init)
                  00004008    00000084     msp432p4xx_driverlib.lib : pcm.o (.text:PCM_gotoLPM3)
                  0000408c    00000084     drivers_msp432p401x.aem4f : PowerMSP432.oem4f (.text:restartHFXT)
                  00004110    00000084     sysbios.aem4f : BIOS.obj (.text:ti_sysbios_family_arm_m3_Hwi_postInit__I)
                  00004194    00000004     dpl_msp432p401x.aem4f : SemaphoreP_tirtos.oem4f (.text:SemaphoreP_post)
                  00004198    00000084     sysbios.aem4f : BIOS.obj (.text:ti_sysbios_heaps_HeapMem_free__E)
                  0000421c    00000004     dpl_msp432p401x.aem4f : SystemP_tirtos.oem4f (.text:SystemP_vsnprintf)
                  00004220    00000080     sysbios.aem4f : BIOS.obj (.text:ti_sysbios_knl_Clock_workFunc__E)
                  000042a0    0000007a     rtsv7M4_T_le_v4SPD16_eabi.lib : memset_t2.asm.obj (.text)
                  0000431a    00000002     drivers_msp432p401x.aem4f : I2CMSP432.oem4f (.text:I2CMSP432_init)
                  0000431c    00000078     i2ctmp.obj (.text:readReg)
                  00004394    00000078     i2ctmp.obj (.text:writeReg)
                  0000440c    00000076     drivers_msp432p401x.aem4f : I2CMSP432.oem4f (.text:I2CMSP432_close)
                  00004482    00000006     display.aem4f : DisplayUart.oem4f (.text:DisplayUartMin_getType)
                  00004488    00000075     sysbios.aem4f : BIOS.obj (.text:xdc_runtime_System_formatNum__I)
                  000044fd    00000001     --HOLE-- [fill = 0]
                  000044fe    00000070     drivers_msp432p401x.aem4f : UARTMSP432.oem4f (.text:UARTMSP432_writeCancel)
                  0000456e    00000002     dpl_msp432p401x.aem4f : PowerMSP432_tirtos.oem4f (.text:PowerMSP432_initPolicy)
                  00004570    00000070     sysbios.aem4f : BIOS.obj (.text:ti_sysbios_heaps_HeapMem_initPrimary__I)
                  000045e0    0000006c     msp432p4xx_driverlib.lib : i2c.o (.text:I2C_masterSendMultiByteFinish)
                  0000464c    00000004     release_pem4f.oem4f (.text:ti_sysbios_BIOS_RtsGateProxy_enter__E)
                  00004650    0000006c     sysbios.aem4f : BIOS.obj (.text:ti_sysbios_knl_Swi_restoreHwi__E)
                  000046bc    00000068     drivers_msp432p401x.aem4f : GPIOMSP432.oem4f (.text:GPIO_hwiIntFxn)
                  00004724    00000068                               : PowerMSP432.oem4f (.text:PowerMSP432_getFreqs)
                  0000478c    00000068     rtsv7M4_T_le_v4SPD16_eabi.lib : copy_decompress_lzss.c.obj (.text:decompress:lzss:__TI_decompress_lzss)
                  000047f4    00000068     drivers_msp432p401x.aem4f : I2CMSP432.oem4f (.text:initHw)
                  0000485c    00000004     release_pem4f.oem4f (.text:ti_sysbios_BIOS_RtsGateProxy_leave__E)
                  00004860    00000066     sysbios.aem4f : BIOS.obj (.text:xdc_runtime_Core_deleteObject__I)
                  000048c6    00000002     drivers_msp432p401x.aem4f : UARTMSP432.oem4f (.text:UARTMSP432_init)
                  000048c8    00000064     main_tirtos.obj (.text:main)
                  0000492c    00000004     release_pem4f.oem4f (.text:ti_sysbios_family_arm_m3_Hwi_delete)
                  00004930    00000064     sysbios.aem4f : BIOS.obj (.text:pthread_exit)
                  00004994    00000004     release_pem4f.oem4f (.text:ti_sysbios_family_arm_m3_TaskSupport_Module__startupDone__S)
                  00004998    00000064     sysbios.aem4f : BIOS.obj (.text:ti_sysbios_family_arm_m3_Hwi_dispatchC__I)
                  000049fc    00000060     drivers_msp432p401x.aem4f : GPIOMSP432.oem4f (.text:GPIO_setCallback)
                  00004a5c    00000004     release_pem4f.oem4f (.text:ti_sysbios_heaps_HeapMem_Module_GateProxy_enter__E)
                  00004a60    00000060     sysbios.aem4f : BIOS.obj (.text:ti_sysbios_knl_Semaphore_post__E)
                  00004ac0    00000060                   : BIOS.obj (.text:ti_sysbios_knl_Swi_run__I)
                  00004b20    0000005e     msp432p4xx_driverlib.lib : pcm.o (.text:PCM_getCoreVoltageLevel)
                  00004b7e    00000002     rtsv7M4_T_le_v4SPD16_eabi.lib : _lock.c.obj (.text:_nop)
                  00004b80    0000005c     display.aem4f : Display.oem4f (.text:Display_doOpen)
                  00004bdc    00000004     release_pem4f.oem4f (.text:ti_sysbios_heaps_HeapMem_Module_GateProxy_leave__E)
                  00004be0    0000005c     sysbios.aem4f : BIOS.obj (.text:ti_sysbios_knl_Swi_schedule__I)
                  00004c3c    00000004     release_pem4f.oem4f (.text:ti_sysbios_knl_Clock_TimerProxy_getMaxTicks__E)
                  00004c40    0000005c     sysbios.aem4f : BIOS.obj (.text:ti_sysbios_knl_Task_startCore__E)
                  00004c9c    00000004     release_pem4f.oem4f (.text:ti_sysbios_knl_Clock_delete)
                  00004ca0    0000005c     sysbios.aem4f : BIOS.obj (.text:xdc_runtime_Startup_exec__E)
                  00004cfc    0000005a     msp432p4xx_driverlib.lib : pcm.o (.text:PCM_getPowerMode)
                  00004d56    00000058     i2ctmp.obj (.text:VL6180X_configureDefault)
                  00004dae    00000002     rtsv7M4_T_le_v4SPD16_eabi.lib : div0.asm.obj (.text)
                  00004db0    00000058     boot.aem4f : boot.oem4f (.text)
                  00004e08    00000058     drivers_msp432p401x.aem4f : UARTMSP432.oem4f (.text:readIsrBinaryBlocking)
                  00004e60    00000058     sysbios.aem4f : m3_Hwi_asm_switch.obj (.text:ti_sysbios_family_arm_m3_Hwi_initStacks__E)
                  00004eb8    00000056     drivers_msp432p401x.aem4f : I2CMSP432.oem4f (.text:completeTransfer)
                  00004f0e    00000002     release_pem4f.oem4f (.text:ti_sysbios_BIOS_nullFunc__I)
                  00004f10    00000054     msp432p4xx_driverlib.lib : pcm.o (.text:PCM_shutdownDevice)
                  00004f64    00000054     release_pem4f.oem4f (.text:ti_sysbios_family_arm_m3_Hwi_create)
                  00004fb8    00000054     sysbios.aem4f : BIOS.obj (.text:ti_sysbios_family_arm_msp432_Timer_initDevice__I)
                  0000500c    00000050     dpl_msp432p401x.aem4f : ClockP_tirtos.oem4f (.text:ClockP_create)
                  0000505c    00000004     release_pem4f.oem4f (.text:ti_sysbios_knl_Semaphore_delete)
                  00005060    00000050     sysbios.aem4f : BIOS.obj (.text:ti_sysbios_family_arm_m3_Hwi_Module_startup__E)
                  000050b0    00000050     release_pem4f.oem4f (.text:ti_sysbios_knl_Task_create)
                  00005100    0000004c     dpl_msp432p401x.aem4f : PowerMSP432_tirtos.oem4f (.text:PowerMSP432_sleepPolicy)
                  0000514c    0000004c     i2ctmp.obj (.text:VL6180X_startRangeContinuous)
                  00005198    0000004c     rtsv7M4_T_le_v4SPD16_eabi.lib : cpy_tbl.c.obj (.text:copy_in)
                  000051e4    0000004c     drivers_msp432p401x.aem4f : UARTMSP432.oem4f (.text:readIsrBinaryCallback)
                  00005230    0000004c     sysbios.aem4f : BIOS.obj (.text:ti_sysbios_family_arm_msp432_Timer_postInit__I)
                  0000527c    00000004     release_pem4f.oem4f (.text:ti_sysbios_knl_Task_delete)
                  00005280    0000004c     sysbios.aem4f : BIOS.obj (.text:ti_sysbios_family_arm_msp432_Timer_start__E)
                  000052cc    00000004     release_pem4f.oem4f (.text:xdc_runtime_System_Module_GateProxy_enter__E)
                  000052d0    0000004c     sysbios.aem4f : BIOS.obj (.text:ti_sysbios_heaps_HeapMem_getStats__E)
                  0000531c    00000004     release_pem4f.oem4f (.text:xdc_runtime_System_Module_GateProxy_leave__E)
                  00005320    0000004c     sysbios.aem4f : BIOS.obj (.text:ti_sysbios_knl_Swi_runLoop__I)
                  0000536c    00000004     --HOLE-- [fill = 0]
                  00005370    0000004c                   : BIOS.obj (.text:ti_sysbios_knl_Task_allBlockedFunction__I)
                  000053bc    00000004     --HOLE-- [fill = 0]
                  000053c0    0000004c                   : BIOS.obj (.text:ti_sysbios_knl_Task_schedule__I)
                  0000540c    0000004a     display.aem4f : DisplayUart.oem4f (.text:DisplayUartMin_open)
                  00005456    00000002     --HOLE-- [fill = 0]
                  00005458    00000048     drivers_msp432p401x.aem4f : PowerMSP432.oem4f (.text:Power_releaseConstraint)
                  000054a0    00000048     rtsv7M4_T_le_v4SPD16_eabi.lib : fd_toi_t2.asm.obj (.text)
                  000054e8    00000048     sysbios.aem4f : BIOS.obj (.text:ti_sysbios_family_arm_m3_Hwi_disableInterrupt__E)
                  00005530    00000048                   : BIOS.obj (.text:ti_sysbios_family_arm_m3_Hwi_enableInterrupt__E)
                  00005578    00000048                   : BIOS.obj (.text:ti_sysbios_knl_Mailbox_Module_startup__E)
                  000055c0    00000048                   : BIOS.obj (.text:xdc_runtime_Core_assignParams__I)
                  00005608    00000046     display.aem4f : DisplayUart.oem4f (.text:DisplayUartMin_vprintf)
                  0000564e    00000046     drivers_msp432p401x.aem4f : RingBuf.oem4f (.text:RingBuf_put)
                  00005694    00000044                               : I2C.oem4f (.text:I2C_init)
                  000056d8    00000044                               : UART.oem4f (.text:UART_init)
                  0000571c    00000044                               : I2CMSP432.oem4f (.text:perfChangeNotifyFxn)
                  00005760    00000044     rtsv7M4_T_le_v4SPD16_eabi.lib : fd_tou_t2.asm.obj (.text)
                  000057a4    00000004     --HOLE-- [fill = 0]
                  000057a8    00000044     sysbios.aem4f : BIOS.obj (.text:ti_sysbios_family_arm_m3_Hwi_getStackInfo__E)
                  000057ec    00000004     --HOLE-- [fill = 0]
                  000057f0    00000044                   : BIOS.obj (.text:ti_sysbios_knl_Swi_post__E)
                  00005834    00000040     dpl_msp432p401x.aem4f : HwiP_tirtos.oem4f (.text:HwiP_create)
                  00005874    00000040     drivers_msp432p401x.aem4f : I2C.oem4f (.text:I2C_open)
                  000058b4    00000040                               : RingBuf.oem4f (.text:RingBuf_get)
                  000058f4    00000040                               : UARTMSP432.oem4f (.text:UARTMSP432_read)
                  00005934    00000040                               : UART.oem4f (.text:UART_open)
                  00005974    00000040                               : UARTMSP432.oem4f (.text:perfChangeNotifyFxn)
                  000059b4    00000040     rtsv7M4_T_le_v4SPD16_eabi.lib : u_divt2.asm.obj (.text)
                  000059f4    00000004     --HOLE-- [fill = 0]
                  000059f8    00000040     sysbios.aem4f : BIOS.obj (.text:ti_sysbios_family_arm_msp432_Timer_Module_startup__E)
                  00005a38    00000040                   : BIOS.obj (.text:ti_sysbios_family_arm_msp432_Timer_startup__E)
                  00005a78    00000040                   : BIOS.obj (.text:ti_sysbios_heaps_HeapMem_Instance_init__E)
                  00005ab8    00000040                   : BIOS.obj (.text:ti_sysbios_knl_Clock_Instance_init__E)
                  00005af8    0000003c     dpl_msp432p401x.aem4f : SemaphoreP_tirtos.oem4f (.text:SemaphoreP_create)
                  00005b34    00000004     --HOLE-- [fill = 0]
                  00005b38    0000003c     sysbios.aem4f : BIOS.obj (.text:ti_sysbios_family_arm_m3_Hwi_Instance_finalize__E)
                  00005b74    00000004     --HOLE-- [fill = 0]
                  00005b78    0000003c                   : BIOS.obj (.text:ti_sysbios_family_arm_msp432_Seconds_Module_startup__E)
                  00005bb4    0000003c     release_pem4f.oem4f (.text:ti_sysbios_knl_Clock_create)
                  00005bf0    0000003c     sysbios.aem4f : BIOS.obj (.text:ti_sysbios_knl_Swi_restore__E)
                  00005c2c    00000038     drivers_msp432p401x.aem4f : PowerMSP432.oem4f (.text:Power_setConstraint)
                  00005c64    00000038                               : PowerMSP432.oem4f (.text:notify)
                  00005c9c    00000038     rtsv7M4_T_le_v4SPD16_eabi.lib : fs_tod_t2.asm.obj (.text)
                  00005cd4    00000004     --HOLE-- [fill = 0]
                  00005cd8    00000038     sysbios.aem4f : BIOS.obj (.text:xdc_runtime_System_atexit__E)
                  00005d10    00000036     drivers_msp432p401x.aem4f : UARTMSP432.oem4f (.text:UARTMSP432_readCancel)
                  00005d46    00000036     i2ctmp.obj (.text:VL6180X_readRange)
                  00005d7c    00000034     release_pem4f.oem4f (.text:ti_sysbios_knl_Semaphore_create)
                  00005db0    00000032     sysbios.aem4f : BIOS.obj (.text:ti_sysbios_hal_Hwi_initStack)
                  00005de2    00000006     drivers_msp432p401x.aem4f : I2CMSP432.oem4f (.text:I2CMSP432_control)
                  00005de8    00000032     sysbios.aem4f : BIOS.obj (.text:xdc_runtime_System_putchar__I)
                  00005e1a    00000002     --HOLE-- [fill = 0]
                  00005e1c    00000030     drivers_msp432p401x.aem4f : I2CMSP432.oem4f (.text:mapPin)
                  00005e4c    00000030                               : UARTMSP432.oem4f (.text:mapPin)
                  00005e7c    00000030     release_pem4f.oem4f (.text:ti_sysbios_BIOS_atExitFunc__I)
                  00005eac    00000030     release_pem4f.oem4f (.text:ti_sysbios_BIOS_startFunc__I)
                  00005edc    00000004     --HOLE-- [fill = 0]
                  00005ee0    00000030     sysbios.aem4f : BIOS.obj (.text:ti_sysbios_family_arm_m3_TaskSupport_start__E)
                  00005f10    00000030     release_pem4f.oem4f (.text:ti_sysbios_gates_GateHwi_Object__create__S)
                  00005f40    00000030     release_pem4f.oem4f (.text:ti_sysbios_gates_GateMutex_Object__create__S)
                  00005f70    00000030     sysbios.aem4f : BIOS.obj (.text:ti_sysbios_gates_GateMutex_enter__E)
                  00005fa0    00000030     release_pem4f.oem4f (.text:ti_sysbios_heaps_HeapMem_Object__create__S)
                  00005fd0    00000030     sysbios.aem4f : BIOS.obj (.text:ti_sysbios_knl_Mailbox_postInit__I)
                  00006000    00000030     release_pem4f.oem4f (.text:ti_sysbios_knl_Semaphore_construct)
                  00006030    00000030     sysbios.aem4f : BIOS.obj (.text:ti_sysbios_knl_Semaphore_pendTimeout__I)
                  00006060    00000030                   : BIOS.obj (.text:ti_sysbios_knl_Task_processVitalTaskFlag__I)
                  00006090    00000030                   : BIOS.obj (.text:ti_sysbios_knl_Task_restore__E)
                  000060c0    00000030                   : BIOS.obj (.text:ti_sysbios_knl_Task_unblockI__E)
                  000060f0    00000030                   : BIOS.obj (.text:xdc_runtime_System_processAtExit__E)
                  00006120    0000002e                   : BIOS.obj (.text:pthread_setcancelstate)
                  0000614e    0000002e     rtsv7M4_T_le_v4SPD16_eabi.lib : i_tofd_t2.asm.obj (.text)
                  0000617c    0000002c     dpl_msp432p401x.aem4f : PowerMSP432_tirtos.oem4f (.text:PowerMSP432_updateFreqs)
                  000061a8    0000002c     msp432p4xx_driverlib.lib : rtc_c.o (.text:RTC_C_holdClock)
                  000061d4    0000002c     dpl_msp432p401x.aem4f : SemaphoreP_tirtos.oem4f (.text:SemaphoreP_createBinary)
                  00006200    0000002c     sysbios.aem4f : BIOS.obj (.text:_pthread_cleanupFxn)
                  0000622c    00000004     --HOLE-- [fill = 0]
                  00006230    0000002c                   : BIOS.obj (.text:_pthread_delete$43)
                  0000625c    0000002c     release_pem4f.oem4f (.text:ti_sysbios_gates_GateHwi_Handle__label__S)
                  00006288    0000002c     release_pem4f.oem4f (.text:ti_sysbios_gates_GateMutex_Handle__label__S)
                  000062b4    0000002c     release_pem4f.oem4f (.text:ti_sysbios_heaps_HeapMem_Handle__label__S)
                  000062e0    0000002c     release_pem4f.oem4f (.text:ti_sysbios_knl_Clock_doTick__I)
                  0000630c    0000002c     release_pem4f.oem4f (.text:ti_sysbios_knl_Queue_construct)
                  00006338    0000002a     display.aem4f : Display.oem4f (.text:Display_doPrintf)
                  00006362    00000002     --HOLE-- [fill = 0]
                  00006364    00000028                   : Display.oem4f (.text:Display_doInit)
                  0000638c    00000028     msp432p4xx_driverlib.lib : pcm.o (.text:PCM_gotoLPM0)
                  000063b4    00000028     drivers_msp432p401x.aem4f : PowerMSP432.oem4f (.text:Power_registerNotify)
                  000063dc    00000028                               : PowerMSP432.oem4f (.text:disableFaultCounter)
                  00006404    00000028                               : PowerMSP432.oem4f (.text:disableHFXT)
                  0000642c    00000028                               : UARTMSP432.oem4f (.text:findBaudDividerIndex)
                  00006454    00000028     sysbios.aem4f : m3_Hwi_asm.obj (.text:ti_sysbios_family_arm_m3_Hwi_excHandlerAsm__I)
                  0000647c    00000004     --HOLE-- [fill = 0]
                  00006480    00000028                   : BIOS.obj (.text:ti_sysbios_knl_Clock_addI__E)
                  000064a8    00000028                   : BIOS.obj (.text:ti_sysbios_knl_Swi_Module_startup__E)
                  000064d0    00000026     drivers_msp432p401x.aem4f : List.oem4f (.text:List_put)
                  000064f6    00000026                               : List.oem4f (.text:List_remove)
                  0000651c    00000026     sysbios.aem4f : m3_Hwi_asm.obj (.text:ti_sysbios_family_arm_m3_Hwi_pendSV__I)
                  00006542    00000002     --HOLE-- [fill = 0]
                  00006544    00000024     msp432p4xx_driverlib.lib : wdt_a.o (.text:WDT_A_holdTimer)
                  00006568    00000024     sysbios.aem4f : BIOS.obj (.text:pthread_attr_init)
                  0000658c    00000024     release_pem4f.oem4f (.text:ti_sysbios_BIOS_registerRTSLock__I)
                  000065b0    00000024     release_pem4f.oem4f (.text:ti_sysbios_BIOS_removeRTSLock__I)
                  000065d4    00000004     --HOLE-- [fill = 0]
                  000065d8    00000024     sysbios.aem4f : BIOS.obj (.text:ti_sysbios_family_arm_msp432_ClockFreqs_setFrequency__E)
                  000065fc    00000024     release_pem4f.oem4f (.text:ti_sysbios_gates_GateMutex_Object__delete__S)
                  00006620    00000024     sysbios.aem4f : BIOS.obj (.text:ti_sysbios_knl_Clock_Module_startup__E)
                  00006644    00000024     release_pem4f.oem4f (.text:ti_sysbios_knl_Clock_Object__delete__S)
                  00006668    00000024     sysbios.aem4f : BIOS.obj (.text:ti_sysbios_knl_Clock_start__E)
                  0000668c    00000004     --HOLE-- [fill = 0]
                  00006690    00000024                   : BIOS.obj (.text:ti_sysbios_knl_Semaphore_Instance_init__E)
                  000066b4    00000024     release_pem4f.oem4f (.text:ti_sysbios_knl_Semaphore_Object__delete__S)
                  000066d8    00000024     sysbios.aem4f : BIOS.obj (.text:ti_sysbios_knl_Task_restoreHwi__E)
                  000066fc    00000004     --HOLE-- [fill = 0]
                  00006700    00000024                   : BIOS.obj (.text:xdc_runtime_Error_policyMin__E)
                  00006724    00000020     msp432p4xx_driverlib.lib : cs.o (.text:CS_setExternalClockSourceFrequency)
                  00006744    00000020     drivers_msp432p401x.aem4f : PowerMSP432.oem4f (.text:Power_unregisterNotify)
                  00006764    00000020                               : RingBuf.oem4f (.text:RingBuf_peek)
                  00006784    00000020     release_pem4f.oem4f (.text:ti_sysbios_BIOS_rtsLock__I)
                  000067a4    00000020     release_pem4f.oem4f (.text:ti_sysbios_family_arm_m3_Hwi_Object__delete__S)
                  000067c4    00000020     release_pem4f.oem4f (.text:ti_sysbios_gates_GateHwi_Object__delete__S)
                  000067e4    00000020     release_pem4f.oem4f (.text:ti_sysbios_heaps_HeapMem_Object__delete__S)
                  00006804    00000004     --HOLE-- [fill = 0]
                  00006808    00000020     sysbios.aem4f : BIOS.obj (.text:ti_sysbios_knl_Idle_run__E)
                  00006828    00000020     release_pem4f.oem4f (.text:ti_sysbios_knl_Semaphore_destruct)
                  00006848    00000020     release_pem4f.oem4f (.text:ti_sysbios_knl_Task_Object__delete__S)
                  00006868    0000001e     sysbios.aem4f : m3_Hwi_asm_switch.obj (.text:ti_sysbios_family_xxx_Hwi_switchAndRunFunc)
                  00006886    00000002     --HOLE-- [fill = 0]
                  00006888    0000001c                   : BIOS.obj (.text:ti_sysbios_family_arm_m3_Hwi_excHandler__I)
                  000068a4    00000004     --HOLE-- [fill = 0]
                  000068a8    0000001c                   : BIOS.obj (.text:ti_sysbios_gates_GateMutex_Instance_init__E)
                  000068c4    00000004     --HOLE-- [fill = 0]
                  000068c8    0000001c                   : BIOS.obj (.text:ti_sysbios_knl_Clock_Instance_finalize__E)
                  000068e4    0000001c     release_pem4f.oem4f (.text:ti_sysbios_knl_Queue_destruct)
                  00006900    0000001c     sysbios.aem4f : BIOS.obj (.text:ti_sysbios_knl_Queue_put__E)
                  0000691c    00000004     --HOLE-- [fill = 0]
                  00006920    0000001c                   : BIOS.obj (.text:ti_sysbios_knl_Task_enter__I)
                  0000693c    00000004     --HOLE-- [fill = 0]
                  00006940    0000001c                   : BIOS.obj (.text:xdc_runtime_Memory_valloc__E)
                  0000695c    00000004     --HOLE-- [fill = 0]
                  00006960    0000001c                   : BIOS.obj (.text:xdc_runtime_System_abort__E)
                  0000697c    00000018     release_pem4f.oem4f (.text:.bootCodeSection:ti_sysbios_family_arm_msp432_init_Boot_init__I)
                  00006994    00000018     drivers_msp432p401x.aem4f : I2C.oem4f (.text:I2C_transfer)
                  000069ac    00000018     msp432p4xx_driverlib.lib : sysctl_a.o (.text:SysCtl_A_disableNMISource)
                  000069c4    00000018                              : sysctl_a.o (.text:SysCtl_A_enableNMISource)
                  000069dc    00000018     drivers_msp432p401x.aem4f : UART.oem4f (.text:UART_Params_init)
                  000069f4    00000018     rtsv7M4_T_le_v4SPD16_eabi.lib : args_main.c.obj (.text:_args_main)
                  00006a0c    00000018     release_pem4f.oem4f (.text:ti_sysbios_BIOS_rtsUnlock__I)
                  00006a24    00000018     release_pem4f.oem4f (.text:ti_sysbios_family_arm_m3_Hwi_Module__startupDone__F)
                  00006a3c    00000018     sysbios.aem4f : m3_TaskSupport_asm.obj (.text:ti_sysbios_family_arm_m3_TaskSupport_swap__E)
                  00006a54    00000018     release_pem4f.oem4f (.text:ti_sysbios_family_arm_msp432_Timer_Module__startupDone__F)
                  00006a6c    00000004     --HOLE-- [fill = 0]
                  00006a70    00000018     sysbios.aem4f : BIOS.obj (.text:ti_sysbios_gates_GateMutex_leave__E)
                  00006a88    00000018                   : BIOS.obj (.text:xdc_runtime_Error_init__E)
                  00006aa0    00000018                   : BIOS.obj (.text:xdc_runtime_System_exit__E)
                  00006ab8    00000016     display.aem4f : DisplayUart.oem4f (.text:DisplayUartMin_close)
                  00006ace    00000016     release_pem4f.oem4f (.text:ti_sysbios_BIOS_exitFunc__I)
                  00006ae4    00000004     --HOLE-- [fill = 0]
                  00006ae8    00000016     sysbios.aem4f : BIOS.obj (.text:ti_sysbios_knl_Task_unblock__E)
                  00006afe    00000002     --HOLE-- [fill = 0]
                  00006b00    00000014     msp432p4xx_driverlib.lib : pcm.o (.text:PCM_getPowerState)
                  00006b14    00000014     drivers_msp432p401x.aem4f : PowerMSP432.oem4f (.text:Power_idleFunc)
                  00006b28    00000014                               : UARTMSP432.oem4f (.text:clearTXCPTIFG)
                  00006b3c    00000004     --HOLE-- [fill = 0]
                  00006b40    00000014     sysbios.aem4f : BIOS.obj (.text:pthread_attr_setschedparam)
                  00006b54    00000014     rtsv7M4_T_le_v4SPD16_eabi.lib : strlen.c.obj (.text:strlen)
                  00006b68    00000014     release_pem4f.oem4f (.text:ti_sysbios_family_arm_m3_Hwi_Object__get__S)
                  00006b7c    00000004     --HOLE-- [fill = 0]
                  00006b80    00000014     sysbios.aem4f : BIOS.obj (.text:ti_sysbios_family_arm_m3_Hwi_switchFromBootStack__E)
                  00006b94    00000014     release_pem4f.oem4f (.text:ti_sysbios_heaps_HeapMem_Object__get__S)
                  00006ba8    00000014     release_pem4f.oem4f (.text:ti_sysbios_knl_Swi_Object__get__S)
                  00006bbc    00000012     drivers_msp432p401x.aem4f : RingBuf.oem4f (.text:RingBuf_construct)
                  00006bce    00000012     dpl_msp432p401x.aem4f : SemaphoreP_tirtos.oem4f (.text:SemaphoreP_pend)
                  00006be0    00000012     sysbios.aem4f : BIOS.obj (.text:_pthread_cleanup_pop)
                  00006bf2    00000006     --HOLE-- [fill = 0]
                  00006bf8    00000012                   : BIOS.obj (.text:_pthread_runStub$43)
                  00006c0a    00000006     --HOLE-- [fill = 0]
                  00006c10    00000012                   : BIOS.obj (.text:ti_sysbios_hal_Hwi_Module_startup__E)
                  00006c22    00000012     release_pem4f.oem4f (.text:xdc_runtime_Startup_exec__I)
                  00006c34    00000010     dpl_msp432p401x.aem4f : HwiP_tirtos.oem4f (.text:HwiP_Params_init)
                  00006c44    00000010     drivers_msp432p401x.aem4f : I2C.oem4f (.text:I2C_Params_init)
                  00006c54    00000010     msp432p4xx_driverlib.lib : pcm.o (.text:PCM_gotoLPM4)
                  00006c64    00000010                              : pcm.o (.text:PCM_setPowerMode)
                  00006c74    00000010                              : pcm.o (.text:PCM_setPowerState)
                  00006c84    00000010     drivers_msp432p401x.aem4f : PowerMSP432.oem4f (.text:PowerMSP432_getNumPerfLevels)
                  00006c94    00000010     msp432p4xx_driverlib.lib : sysctl_a.o (.text:SysCtl_A_getNMISourceStatus)
                  00006ca4    00000010                              : sysctl.o (.text:SysCtl_getNMISourceStatus)
                  00006cb4    00000010     drivers_msp432p401x.aem4f : UARTMSP432.oem4f (.text:readBlockingTimeout)
                  00006cc4    00000004     --HOLE-- [fill = 0]
                  00006cc8    00000010     sysbios.aem4f : BIOS.obj (.text:ti_sysbios_BIOS_exit__E)
                  00006cd8    00000010                   : BIOS.obj (.text:ti_sysbios_BIOS_setCpuFreq__E)
                  00006ce8    00000010                   : BIOS.obj (.text:ti_sysbios_BIOS_setThreadType__E)
                  00006cf8    00000010                   : BIOS.obj (.text:ti_sysbios_BIOS_start__E)
                  00006d08    00000010                   : m3_TaskSupport_asm.obj (.text:ti_sysbios_family_arm_m3_TaskSupport_glue)
                  00006d18    00000010                   : BIOS.obj (.text:ti_sysbios_family_arm_msp432_init_Boot_disableWatchdog)
                  00006d28    00000010                   : BIOS.obj (.text:ti_sysbios_gates_GateMutex_Instance_finalize__E)
                  00006d38    00000010     release_pem4f.oem4f (.text:ti_sysbios_knl_Mailbox_Object__get__S)
                  00006d48    00000010     sysbios.aem4f : BIOS.obj (.text:ti_sysbios_knl_Semaphore_Instance_finalize__E)
                  00006d58    00000010                   : BIOS.obj (.text:ti_sysbios_knl_Swi_disable__E)
                  00006d68    00000010     release_pem4f.oem4f (.text:ti_sysbios_knl_Task_Object__get__S)
                  00006d78    00000010     sysbios.aem4f : BIOS.obj (.text:ti_sysbios_knl_Task_disable__E)
                  00006d88    00000010                   : BIOS.obj (.text:xdc_runtime_Gate_leaveSystem__E)
                  00006d98    00000010                   : BIOS.obj (.text:xdc_runtime_Memory_free__E)
                  00006da8    00000010                   : BIOS.obj (.text:xdc_runtime_SysCallback_abort__E)
                  00006db8    00000010                   : BIOS.obj (.text:xdc_runtime_SysCallback_exit__E)
                  00006dc8    00000010                   : BIOS.obj (.text:xdc_runtime_SysCallback_putch__E)
                  00006dd8    00000010                   : BIOS.obj (.text:xdc_runtime_SysCallback_ready__E)
                  00006de8    00000010                   : BIOS.obj (.text:xdc_runtime_System_vsnprintf__E)
                  00006df8    0000000e     i2ctmp.obj (.text:VL6180X_readRangeStatus)
                  00006e06    0000000e     rtsv7M4_T_le_v4SPD16_eabi.lib : copy_decompress_none.c.obj (.text:decompress:none:__TI_decompress_none)
                  00006e14    00000004     --HOLE-- [fill = 0]
                  00006e18    0000000e     sysbios.aem4f : BIOS.obj (.text:pthread_attr_setdetachstate)
                  00006e26    00000002     --HOLE-- [fill = 0]
                  00006e28    0000000e                   : BIOS.obj (.text:ti_sysbios_knl_Idle_loop__E)
                  00006e36    00000002     --HOLE-- [fill = 0]
                  00006e38    0000000e                   : BIOS.obj (.text:ti_sysbios_knl_Queue_empty__E)
                  00006e46    0000000c     ti_drivers_config.obj (.text:Board_init)
                  00006e52    0000000c     msp432p4xx_driverlib.lib : cpu.o (.text:CPU_cpsid)
                  00006e5e    0000000c                              : cpu.o (.text:CPU_cpsie)
                  00006e6a    0000000c     dpl_msp432p401x.aem4f : ClockP_tirtos.oem4f (.text:ClockP_delete)
                  00006e76    0000000c                           : HwiP_tirtos.oem4f (.text:HwiP_delete)
                  00006e82    00000002     --HOLE-- [fill = 0]
                  00006e84    0000000c     drivers_msp432p401x.aem4f : PowerMSP432.oem4f (.text:Power_getConstraintMask)
                  00006e90    0000000c                               : PowerMSP432.oem4f (.text:Power_getPerformanceLevel)
                  00006e9c    0000000c     dpl_msp432p401x.aem4f : SemaphoreP_tirtos.oem4f (.text:SemaphoreP_delete)
                  00006ea8    0000000c     rtsv7M4_T_le_v4SPD16_eabi.lib : _lock.c.obj (.text:_register_lock)
                  00006eb4    0000000c                                   : _lock.c.obj (.text:_register_unlock)
                  00006ec0    0000000c                                   : copy_zero_init.c.obj (.text:decompress:ZI:__TI_zero_init)
                  00006ecc    00000004     --HOLE-- [fill = 0]
                  00006ed0    0000000c     sysbios.aem4f : BIOS.obj (.text:pthread_self)
                  00006edc    0000000c     release_pem4f.oem4f (.text:ti_sysbios_family_arm_m3_Hwi_Params__init__S)
                  00006ee8    0000000c     sysbios.aem4f : BIOS.obj (.text:ti_sysbios_family_arm_m3_Hwi_disableFxn__E)
                  00006ef4    00000004     --HOLE-- [fill = 0]
                  00006ef8    0000000c                   : BIOS.obj (.text:ti_sysbios_family_arm_m3_TaskSupport_getStackAlignment__E)
                  00006f04    00000004     --HOLE-- [fill = 0]
                  00006f08    0000000c                   : BIOS.obj (.text:ti_sysbios_family_arm_msp432_Timer_getMaxTicks__E)
                  00006f14    00000004     --HOLE-- [fill = 0]
                  00006f18    0000000c                   : BIOS.obj (.text:ti_sysbios_gates_GateHwi_enter__E)
                  00006f24    0000000c     release_pem4f.oem4f (.text:ti_sysbios_knl_Clock_Params__init__S)
                  00006f30    0000000c     release_pem4f.oem4f (.text:ti_sysbios_knl_Queue_Object__get__S)
                  00006f3c    0000000c     release_pem4f.oem4f (.text:ti_sysbios_knl_Semaphore_Params__init__S)
                  00006f48    0000000c     release_pem4f.oem4f (.text:ti_sysbios_knl_Task_Params__init__S)
                  00006f54    00000004     --HOLE-- [fill = 0]
                  00006f58    0000000c     sysbios.aem4f : BIOS.obj (.text:ti_sysbios_rts_ti_ReentSupport_taskRegHook__I)
                  00006f64    00000004     --HOLE-- [fill = 0]
                  00006f68    0000000c                   : BIOS.obj (.text:xdc_runtime_Gate_enterSystem__E)
                  00006f74    00000004     --HOLE-- [fill = 0]
                  00006f78    0000000c                   : BIOS.obj (.text:xdc_runtime_Startup_rtsDone__E)
                  00006f84    0000000a     dpl_msp432p401x.aem4f : ClockP_tirtos.oem4f (.text:ClockP_Params_init)
                  00006f8e    0000000a     drivers_msp432p401x.aem4f : UART.oem4f (.text:UART_close)
                  00006f98    0000000a                               : UART.oem4f (.text:UART_control)
                  00006fa2    0000000a                               : UART.oem4f (.text:UART_write)
                  00006fac    0000000a     release_pem4f.oem4f (.text:xdc_runtime_IHeap_alloc)
                  00006fb6    0000000a     release_pem4f.oem4f (.text:xdc_runtime_IHeap_free)
                  00006fc0    00000008     dpl_msp432p401x.aem4f : SemaphoreP_tirtos.oem4f (.text:SemaphoreP_Params_init)
                  00006fc8    00000008     drivers_msp432p401x.aem4f : I2CMSP432.oem4f (.text:blockingTransferCallback)
                  00006fd0    00000008     sysbios.aem4f : BIOS.obj (.text:pthread_attr_setstacksize)
                  00006fd8    00000008     drivers_msp432p401x.aem4f : UARTMSP432.oem4f (.text:readSemCallback)
                  00006fe0    00000008     sysbios.aem4f : BIOS.obj (.text:ti_sysbios_family_arm_m3_Hwi_doSwiRestore__I)
                  00006fe8    00000008                   : BIOS.obj (.text:ti_sysbios_family_arm_m3_Hwi_startup__E)
                  00006ff0    00000008     drivers_msp432p401x.aem4f : UARTMSP432.oem4f (.text:txcptEnabledStatus)
                  00006ff8    00000008                               : UARTMSP432.oem4f (.text:writeSemCallback)
                  00007000    00000006     sysbios.aem4f : BIOS.obj (.text:ti_sysbios_family_arm_m3_Hwi_doTaskRestore__I)
                  00007006    00000002     --HOLE-- [fill = 0]
                  00007008    00000006                   : BIOS.obj (.text:ti_sysbios_family_arm_m3_Hwi_restoreFxn__E)
                  0000700e    00000002     --HOLE-- [fill = 0]
                  00007010    00000006                   : BIOS.obj (.text:ti_sysbios_gates_GateHwi_leave__E)
                  00007016    00000002     --HOLE-- [fill = 0]
                  00007018    00000006                   : BIOS.obj (.text:ti_sysbios_heaps_HeapMem_isBlocking__E)
                  0000701e    00000002     --HOLE-- [fill = 0]
                  00007020    00000006                   : BIOS.obj (.text:ti_sysbios_knl_Clock_stop__E)
                  00007026    00000002     --HOLE-- [fill = 0]
                  00007028    00000006                   : BIOS.obj (.text:ti_sysbios_knl_Queue_Instance_init__E)
                  0000702e    00000002     --HOLE-- [fill = 0]
                  00007030    00000006                   : BIOS.obj (.text:ti_sysbios_knl_Swi_startup__E)
                  00007036    00000002     --HOLE-- [fill = 0]
                  00007038    00000006                   : BIOS.obj (.text:xdc_runtime_System_Module_startup__E)
                  0000703e    00000002     --HOLE-- [fill = 0]
                  00007040    00000004                   : BIOS.obj (.text:ti_sysbios_gates_GateHwi_query__E)
                  00007044    00000004     --HOLE-- [fill = 0]
                  00007048    00000004                   : BIOS.obj (.text:ti_sysbios_gates_GateMutex_query__E)
                  0000704c    00000004     --HOLE-- [fill = 0]
                  00007050    00000004                   : BIOS.obj (.text:ti_sysbios_knl_Clock_setTimeout__E)
                  00007054    00000004     --HOLE-- [fill = 0]
                  00007058    00000004                   : BIOS.obj (.text:ti_sysbios_knl_Task_startup__E)
                  0000705c    00000004     --HOLE-- [fill = 0]
                  00007060    00000004                   : BIOS.obj (.text:xdc_runtime_SysCallback_defaultReady)
                  00007064    00000004     --HOLE-- [fill = 0]
                  00007068    00000002                   : BIOS.obj (.text:ti_sysbios_BIOS_linkedWithIncorrectBootLibrary__E)
                  0000706a    00000006     --HOLE-- [fill = 0]
                  00007070    00000002                   : BIOS.obj (.text:ti_sysbios_gates_GateHwi_Instance_init__E)
                  00007072    00000006     --HOLE-- [fill = 0]
                  00007078    00000002                   : BIOS.obj (.text:ti_sysbios_knl_Clock_logTick__E)
                  0000707a    00000006     --HOLE-- [fill = 0]
                  00007080    00000002                   : BIOS.obj (.text:xdc_runtime_SysCallback_defaultAbort)
                  00007082    00000006     --HOLE-- [fill = 0]
                  00007088    00000002                   : BIOS.obj (.text:xdc_runtime_SysCallback_defaultExit)
                  0000708a    00000006     --HOLE-- [fill = 0]
                  00007090    00000002                   : BIOS.obj (.text:xdc_runtime_SysCallback_defaultPutch)
                  00007092    00000006     --HOLE-- [fill = 0]
                  00007098    00000002                   : BIOS.obj (.text:xdc_runtime_System_abortSpin__E)
                  0000709a    00000006     --HOLE-- [fill = 0]
                  000070a0    00000002                   : BIOS.obj (.text:xdc_runtime_System_exitSpin__E)

.const     0    000070a4    000005d2     
                  000070a4    00000040     ti_drivers_config.obj (.const:uartMSP432Baudrates)
                  000070e4    0000003c     release_pem4f.oem4f (.const:ti_sysbios_knl_Task_Object__PARAMS__C)
                  00007120    00000038     ti_drivers_config.obj (.const:PowerMSP432_config)
                  00007158    00000030     release_pem4f.oem4f (.const:ti_sysbios_family_arm_m3_Hwi_Object__PARAMS__C)
                  00007188    0000002c     ti_drivers_config.obj (.const:uartMSP432HWAttrs)
                  000071b4    00000028     drivers_msp432p401x.aem4f : UARTMSP432.oem4f (.const:UARTMSP432_fxnTable)
                  000071dc    00000028     release_pem4f.oem4f (.const:ti_sysbios_heaps_HeapMem_Module__FXNS__C)
                  00007204    00000024     drivers_msp432p401x.aem4f : UART.oem4f (.const:UART_defaultParams)
                  00007228    00000024     release_pem4f.oem4f (.const:ti_sysbios_gates_GateHwi_Module__FXNS__C)
                  0000724c    00000024     release_pem4f.oem4f (.const:ti_sysbios_gates_GateMutex_Module__FXNS__C)
                  00007270    00000024     release_pem4f.oem4f (.const:ti_sysbios_heaps_HeapMem_Object__PARAMS__C)
                  00007294    00000024     release_pem4f.oem4f (.const:ti_sysbios_knl_Clock_Object__PARAMS__C)
                  000072b8    00000024     release_pem4f.oem4f (.const:ti_sysbios_knl_Semaphore_Object__PARAMS__C)
                  000072dc    00000024     release_pem4f.oem4f (.const:xdc_runtime_Startup_sfxnTab__A)
                  00007300    00000020     display.aem4f : DisplayUart.oem4f (.const:DisplayUartMin_fxnTable)
                  00007320    00000020     drivers_msp432p401x.aem4f : UARTMSP432.oem4f (.const:staticFxnTable)
                  00007340    00000020     release_pem4f.oem4f (.const:ti_sysbios_family_arm_m3_Hwi_Object__DESC__C)
                  00007360    00000020     release_pem4f.oem4f (.const:ti_sysbios_gates_GateHwi_Object__DESC__C)
                  00007380    00000020     release_pem4f.oem4f (.const:ti_sysbios_gates_GateMutex_Object__DESC__C)
                  000073a0    00000020     release_pem4f.oem4f (.const:ti_sysbios_heaps_HeapMem_Object__DESC__C)
                  000073c0    00000020     release_pem4f.oem4f (.const:ti_sysbios_knl_Clock_Object__DESC__C)
                  000073e0    00000020     release_pem4f.oem4f (.const:ti_sysbios_knl_Queue_Object__DESC__C)
                  00007400    00000020     release_pem4f.oem4f (.const:ti_sysbios_knl_Semaphore_Object__DESC__C)
                  00007420    00000020     release_pem4f.oem4f (.const:ti_sysbios_knl_Task_Object__DESC__C)
                  00007440    00000018     drivers_msp432p401x.aem4f : I2CMSP432.oem4f (.const:I2CMSP432_fxnTable)
                  00007458    00000018     release_pem4f.oem4f (.const:ti_sysbios_gates_GateHwi_Object__PARAMS__C)
                  00007470    00000018     release_pem4f.oem4f (.const:ti_sysbios_gates_GateMutex_Object__PARAMS__C)
                  00007488    00000018     release_pem4f.oem4f (.const:ti_sysbios_knl_Queue_Object__PARAMS__C)
                  000074a0    00000018     release_pem4f.oem4f (.const:ti_sysbios_knl_Task_hooks__A)
                  000074b8    00000014     ti_drivers_config.obj (.const:GPIOMSP432_config)
                  000074cc    00000014     ti_drivers_config.obj (.const:displayUartHWAttrs)
                  000074e0    00000014     ti_drivers_config.obj (.const:i2cMSP432HWAttrs)
                  000074f4    00000012     release_pem4f.oem4f (.const:xdc_runtime_Startup_sfxnRts__A)
                  00007506    00000002     release_pem4f.oem4f (.const:ti_sysbios_family_arm_m3_Hwi_Module__id__C)
                  00007508    00000010     drivers_msp432p401x.aem4f : I2C.oem4f (.const:I2C_defaultParams)
                  00007518    0000000c     ti_drivers_config.obj (.const:Display_config)
                  00007524    0000000c     ti_drivers_config.obj (.const:I2C_config)
                  00007530    0000000c     ti_drivers_config.obj (.const:UART_config)
                  0000753c    0000000c     drivers_msp432p401x.aem4f : I2CMSP432.oem4f (.const:bitRates)
                  00007548    0000000c     release_pem4f.oem4f (.const:xdc_runtime_Startup_firstFxns__A)
                  00007554    00000008     release_pem4f.oem4f (.const:ti_sysbios_knl_Idle_funcList__A)
                  0000755c    00000008     release_pem4f.oem4f (.const:ti_sysbios_knl_Idle_funcList__C)
                  00007564    00000008     release_pem4f.oem4f (.const:ti_sysbios_knl_Task_hooks__C)
                  0000756c    00000008     release_pem4f.oem4f (.const:xdc_runtime_Startup_firstFxns__C)
                  00007574    00000008     release_pem4f.oem4f (.const:xdc_runtime_Startup_lastFxns__C)
                  0000757c    00000006     drivers_msp432p401x.aem4f : GPIOMSP432.oem4f (.const:.string:interruptType)
                  00007582    00000006                               : GPIOMSP432.oem4f (.const:.string:portInterruptIds)
                  00007588    00000005                               : UARTMSP432.oem4f (.const:.string:parityTypes)
                  0000758d    00000001     display.aem4f : Display.oem4f (.const:Display_defaultParams)
                  0000758e    00000004     drivers_msp432p401x.aem4f : UARTMSP432.oem4f (.const:stopBits)
                  00007592    00000002     release_pem4f.oem4f (.const:ti_sysbios_family_arm_msp432_init_Boot_bypassHFXT__C)
                  00007594    00000004     release_pem4f.oem4f (.const:ti_sysbios_family_arm_m3_Hwi_E_alreadyDefined__C)
                  00007598    00000004     release_pem4f.oem4f (.const:ti_sysbios_family_arm_m3_Hwi_E_badIntNum__C)
                  0000759c    00000004     release_pem4f.oem4f (.const:ti_sysbios_family_arm_m3_Hwi_NUM_INTERRUPTS__C)
                  000075a0    00000004     release_pem4f.oem4f (.const:ti_sysbios_family_arm_m3_Hwi_Object__count__C)
                  000075a4    00000004     release_pem4f.oem4f (.const:ti_sysbios_family_arm_m3_Hwi_ccr__C)
                  000075a8    00000004     release_pem4f.oem4f (.const:ti_sysbios_family_arm_m3_Hwi_excHandlerFunc__C)
                  000075ac    00000004     release_pem4f.oem4f (.const:ti_sysbios_family_arm_m3_Hwi_nullIsrFunc__C)
                  000075b0    00000004     release_pem4f.oem4f (.const:ti_sysbios_family_arm_m3_Hwi_priGroup__C)
                  000075b4    00000004     release_pem4f.oem4f (.const:ti_sysbios_family_arm_m3_Hwi_swiDisable__C)
                  000075b8    00000004     release_pem4f.oem4f (.const:ti_sysbios_family_arm_m3_Hwi_swiRestore__C)
                  000075bc    00000004     release_pem4f.oem4f (.const:ti_sysbios_family_arm_m3_TaskSupport_stackAlignment__C)
                  000075c0    00000004     release_pem4f.oem4f (.const:ti_sysbios_family_arm_msp432_Timer_numTimerDevices__C)
                  000075c4    00000004     release_pem4f.oem4f (.const:ti_sysbios_family_arm_msp432_Timer_startupNeeded__C)
                  000075c8    00000004     release_pem4f.oem4f (.const:ti_sysbios_gates_GateMutex_Instance_State_sem__O)
                  000075cc    00000004     release_pem4f.oem4f (.const:ti_sysbios_heaps_HeapMem_E_memory__C)
                  000075d0    00000004     release_pem4f.oem4f (.const:ti_sysbios_heaps_HeapMem_Module__gateObj__C)
                  000075d4    00000004     release_pem4f.oem4f (.const:ti_sysbios_heaps_HeapMem_Object__count__C)
                  000075d8    00000004     release_pem4f.oem4f (.const:ti_sysbios_heaps_HeapMem_primaryHeapBaseAddr__C)
                  000075dc    00000004     release_pem4f.oem4f (.const:ti_sysbios_heaps_HeapMem_primaryHeapEndAddr__C)
                  000075e0    00000004     release_pem4f.oem4f (.const:ti_sysbios_heaps_HeapMem_reqAlign__C)
                  000075e4    00000004     release_pem4f.oem4f (.const:ti_sysbios_knl_Clock_Module_State_clockQ__O)
                  000075e8    00000004     release_pem4f.oem4f (.const:ti_sysbios_knl_Clock_tickPeriod__C)
                  000075ec    00000004     release_pem4f.oem4f (.const:ti_sysbios_knl_Mailbox_Instance_State_freeQue__O)
                  000075f0    00000004     release_pem4f.oem4f (.const:ti_sysbios_knl_Mailbox_Object__count__C)
                  000075f4    00000004     release_pem4f.oem4f (.const:ti_sysbios_knl_Mailbox_maxTypeAlign__C)
                  000075f8    00000004     release_pem4f.oem4f (.const:ti_sysbios_knl_Semaphore_Instance_State_pendQ__O)
                  000075fc    00000004     release_pem4f.oem4f (.const:ti_sysbios_knl_Swi_Object__count__C)
                  00007600    00000004     release_pem4f.oem4f (.const:ti_sysbios_knl_Task_Module_State_inactiveQ__O)
                  00007604    00000004     release_pem4f.oem4f (.const:ti_sysbios_knl_Task_Object__count__C)
                  00007608    00000004     release_pem4f.oem4f (.const:ti_sysbios_knl_Task_Object__heap__C)
                  0000760c    00000004     release_pem4f.oem4f (.const:ti_sysbios_knl_Task_allBlockedFunc__C)
                  00007610    00000004     release_pem4f.oem4f (.const:ti_sysbios_knl_Task_defaultStackHeap__C)
                  00007614    00000004     release_pem4f.oem4f (.const:ti_sysbios_knl_Task_defaultStackSize__C)
                  00007618    00000004     release_pem4f.oem4f (.const:ti_sysbios_knl_Task_numConstructedTasks__C)
                  0000761c    00000004     release_pem4f.oem4f (.const:xdc_runtime_Error_E_memory__C)
                  00007620    00000004     release_pem4f.oem4f (.const:xdc_runtime_Error_policyFxn__C)
                  00007624    00000004     release_pem4f.oem4f (.const:xdc_runtime_IGateProvider_Interface__BASE__C)
                  00007628    00000004     release_pem4f.oem4f (.const:xdc_runtime_IHeap_Interface__BASE__C)
                  0000762c    00000004     release_pem4f.oem4f (.const:xdc_runtime_IModule_Interface__BASE__C)
                  00007630    00000004     release_pem4f.oem4f (.const:xdc_runtime_Memory_defaultHeapInstance__C)
                  00007634    00000004     release_pem4f.oem4f (.const:xdc_runtime_Startup_execImpl__C)
                  00007638    00000004     release_pem4f.oem4f (.const:xdc_runtime_Startup_maxPasses__C)
                  0000763c    00000004     release_pem4f.oem4f (.const:xdc_runtime_Startup_sfxnRts__C)
                  00007640    00000004     release_pem4f.oem4f (.const:xdc_runtime_Startup_sfxnTab__C)
                  00007644    00000004     release_pem4f.oem4f (.const:xdc_runtime_SysCallback_abortFxn__C)
                  00007648    00000004     release_pem4f.oem4f (.const:xdc_runtime_SysCallback_exitFxn__C)
                  0000764c    00000004     release_pem4f.oem4f (.const:xdc_runtime_SysCallback_putchFxn__C)
                  00007650    00000004     release_pem4f.oem4f (.const:xdc_runtime_SysCallback_readyFxn__C)
                  00007654    00000004     release_pem4f.oem4f (.const:xdc_runtime_System_Module__gateObj__C)
                  00007658    00000004     release_pem4f.oem4f (.const:xdc_runtime_System_abortFxn__C)
                  0000765c    00000004     release_pem4f.oem4f (.const:xdc_runtime_System_exitFxn__C)
                  00007660    00000004     release_pem4f.oem4f (.const:xdc_runtime_System_extendFxn__C)
                  00007664    00000004     release_pem4f.oem4f (.const:xdc_runtime_System_maxAtexitHandlers__C)
                  00007668    00000003     ti_drivers_config.obj (.const)
                  0000766b    00000001     release_pem4f.oem4f (.const:xdc_runtime_Error_policy__C)
                  0000766c    00000002     release_pem4f.oem4f (.const:ti_sysbios_family_arm_msp432_init_Boot_bypassLFXT__C)
                  0000766e    00000002     release_pem4f.oem4f (.const:ti_sysbios_family_arm_msp432_init_Boot_enableHFXT__C)
                  00007670    00000002     release_pem4f.oem4f (.const:ti_sysbios_family_arm_msp432_init_Boot_enableLFXT__C)
                  00007672    00000002     release_pem4f.oem4f (.const:ti_sysbios_heaps_HeapMem_Module__id__C)
                  00007674    00000002     release_pem4f.oem4f (.const:xdc_runtime_Memory_Module__id__C)

.cinit     0    00007678    00000238     
                  00007678    00000213     (.cinit..data.load) [load image, compression = lzss]
                  0000788b    00000001     --HOLE-- [fill = 0]
                  0000788c    0000000c     (__TI_handler_table)
                  00007898    00000008     (.cinit..bss.load) [load image, compression = zero_init]
                  000078a0    00000010     (__TI_cinit_table)

.init_array 
*          0    00000000    00000000     UNINITIALIZED

.bss       0    20008140    000008cc     UNINITIALIZED
                  20008140    00000400     ti_drivers_config.obj (.bss:displayUARTBuffer)
                  20008540    00000200     release_pem4f.oem4f (.bss:taskStackSection)
                  20008740    00000140     (.common:ti_sysbios_family_arm_m3_Hwi_dispatchTable)
                  20008880    00000080     (.common:uartMSP432Objects)
                  20008900    00000050     (.common:i2cMSP432Objects)
                  20008950    00000030     drivers_msp432p401x.aem4f : GPIOMSP432.oem4f (.bss:gpioCallbackInfo)
                  20008980    00000020     ti_drivers_config.obj (.bss:uartMSP432RingBuffer0)
                  200089a0    0000001c     (.common:i2cTransaction)
                  200089bc    00000010     (.common:i2cParams)
                  200089cc    0000000c     (.common:displayUartObject)
                  200089d8    0000000c     (.common:readBuffer)
                  200089e4    0000000c     (.common:writeBuffer)
                  200089f0    00000008     msp432p4xx_driverlib.lib : cs.o (.bss)
                  200089f8    00000004     drivers_msp432p401x.aem4f : GPIOMSP432.oem4f (.bss)
                  200089fc    00000004     i2ctmp.obj (.bss)
                  20008a00    00000004     (.common:ClockP_tickPeriod)
                  20008a04    00000004     (.common:i2c)
                  20008a08    00000004     (.common:ti_sysbios_knl_Task_Instance_State_0_hookEnv__A)

.data      0    20008a0c    00000617     UNINITIALIZED
                  20008a0c    00000140     drivers_msp432p401x.aem4f : PowerMSP432.oem4f (.data:PowerMSP432_perfLevels)
                  20008b4c    00000088     sysbios.aem4f : BIOS.obj (.data:$O1$$)
                  20008bd4    00000080     release_pem4f.oem4f (.data:ti_sysbios_knl_Swi_Module_State_0_readyQ__A)
                  20008c54    00000080     release_pem4f.oem4f (.data:ti_sysbios_knl_Task_Module_State_0_readyQ__A)
                  20008cd4    00000054     release_pem4f.oem4f (.data:ti_sysbios_gates_GateMutex_Object__table__V)
                  20008d28    0000004c     release_pem4f.oem4f (.data:ti_sysbios_knl_Task_Object__table__V)
                  20008d74    00000044     release_pem4f.oem4f (.data:ti_sysbios_family_arm_msp432_Timer_Object__table__V)
                  20008db8    00000044     release_pem4f.oem4f (.data:ti_sysbios_knl_Task_Module__state__V)
                  20008dfc    00000034     release_pem4f.oem4f (.data:ti_sysbios_family_arm_m3_Hwi_Module__state__V)
                  20008e30    00000030     release_pem4f.oem4f (.data:ti_sysbios_knl_Swi_Object__table__V)
                  20008e60    0000002c     drivers_msp432p401x.aem4f : PowerMSP432.oem4f (.data:PowerMSP432_module)
                  20008e8c    0000002c     release_pem4f.oem4f (.data:ti_sysbios_knl_Clock_Module__state__V)
                  20008eb8    00000024     release_pem4f.oem4f (.data:ti_sysbios_BIOS_Module__state__V)
                  20008edc    00000020     release_pem4f.oem4f (.data:ti_sysbios_family_arm_msp432_Timer_Module_State_0_device__A)
                  20008efc    00000020     release_pem4f.oem4f (.data:xdc_runtime_Error_IgnoreBlock)
                  20008f1c    0000001c     release_pem4f.oem4f (.data:ti_sysbios_knl_Swi_Module__state__V)
                  20008f38    00000018     release_pem4f.oem4f (.data:ti_sysbios_family_arm_m3_Hwi_Object__table__V)
                  20008f50    00000018     release_pem4f.oem4f (.data:ti_sysbios_heaps_HeapMem_Object__table__V)
                  20008f68    00000010     release_pem4f.oem4f (.data:ti_sysbios_family_arm_msp432_Timer_Module_State_0_handles__A)
                  20008f78    0000000c     release_pem4f.oem4f (.data:ti_sysbios_family_arm_msp432_ClockFreqs_Module__state__V)
                  20008f84    0000000c     release_pem4f.oem4f (.data:ti_sysbios_family_arm_msp432_Timer_Module__state__V)
                  20008f90    00000008     rtsv7M4_T_le_v4SPD16_eabi.lib : _lock.c.obj (.data:$O1$$)
                  20008f98    00000008     ti_drivers_config.obj (.data:gpioCallbackFunctions)
                  20008fa0    00000008     ti_drivers_config.obj (.data:gpioPinConfigs)
                  20008fa8    00000008     release_pem4f.oem4f (.data:ti_sysbios_family_arm_m3_Hwi_Module__root__V)
                  20008fb0    00000008     release_pem4f.oem4f (.data:ti_sysbios_gates_GateHwi_Module__root__V)
                  20008fb8    00000008     release_pem4f.oem4f (.data:ti_sysbios_gates_GateMutex_Module__root__V)
                  20008fc0    00000008     release_pem4f.oem4f (.data:ti_sysbios_heaps_HeapMem_Module__root__V)
                  20008fc8    00000008     release_pem4f.oem4f (.data:ti_sysbios_knl_Clock_Module__root__V)
                  20008fd0    00000008     release_pem4f.oem4f (.data:ti_sysbios_knl_Queue_Module__root__V)
                  20008fd8    00000008     release_pem4f.oem4f (.data:ti_sysbios_knl_Semaphore_Module__root__V)
                  20008fe0    00000008     release_pem4f.oem4f (.data:ti_sysbios_knl_Task_Module__root__V)
                  20008fe8    00000008     release_pem4f.oem4f (.data:xdc_runtime_Startup_Module__state__V)
                  20008ff0    00000008     release_pem4f.oem4f (.data:xdc_runtime_System_Module_State_0_atexitHandlers__A)
                  20008ff8    00000008     release_pem4f.oem4f (.data:xdc_runtime_System_Module__state__V)
                  20009000    00000004     rtsv7M4_T_le_v4SPD16_eabi.lib : stkdepth_vars.c.obj (.data)
                  20009004    00000004     release_pem4f.oem4f (.data:ti_sysbios_family_arm_m3_Hwi_Module_State_0_excContext__A)
                  20009008    00000004     release_pem4f.oem4f (.data:ti_sysbios_family_arm_m3_Hwi_Module_State_0_excStack__A)
                  2000900c    00000004     release_pem4f.oem4f (.data:ti_sysbios_gates_GateHwi_Object__table__V)
                  20009010    00000004     release_pem4f.oem4f (.data:ti_sysbios_knl_Task_Module_State_0_idleTask__A)
                  20009014    00000004     release_pem4f.oem4f (.data:ti_sysbios_rts_ti_ReentSupport_Module__state__V)
                  20009018    00000004     release_pem4f.oem4f (.data:xdc_runtime_Memory_Module__state__V)
                  2000901c    00000002     drivers_msp432p401x.aem4f : GPIOMSP432.oem4f (.data)
                  2000901e    00000002     release_pem4f.oem4f (.data:ti_sysbios_family_arm_m3_Hwi_Module_State_0_excActive__A)
                  20009020    00000001     drivers_msp432p401x.aem4f : I2C.oem4f (.data)
                  20009021    00000001                               : UART.oem4f (.data)
                  20009022    00000001     i2ctmp.obj (.data)

.priheap   0    20000140    00008000     UNINITIALIZED
                  20000140    00008000     --HOLE--

.stack     0    2000fc00    00000400     UNINITIALIZED
                  2000fc00    00000400     --HOLE--

.bootVecs 
*          0    00000000    00000008     DSECT
                  00000000    00000008     boot.aem4f : boot.oem4f (.bootVecs)

.resetVecs 
*          0    00000000    0000003c     
                  00000000    0000003c     release_pem4f.oem4f (.resetVecs)

.vecs      0    20000000    00000140     NOLOAD SECTION
                  20000000    00000140     release_pem4f.oem4f (.vecs)

xdc.meta   0    00000000    000000fe     COPY SECTION
                  00000000    000000fe     release_pem4f.oem4f (xdc.meta)

xdc.noload 
*          0    00000000    00000000     COPY SECTION

__llvm_prf_cnts 
*          0    20000000    00000000     UNINITIALIZED

.binit     0    00000000    00000000     

MODULE SUMMARY

       Module                       code    ro data   rw data
       ------                       ----    -------   -------
    .\
       i2ctmp.obj                   1324    0         154    
       main_tirtos.obj              100     0         0      
    +--+----------------------------+-------+---------+---------+
       Total:                       1424    0         154    
                                                             
    .\syscfg\
       ti_drivers_config.obj        14      263       2584   
    +--+----------------------------+-------+---------+---------+
       Total:                       14      263       2584   
                                                             
    C:\Users\SEbad\workspace_v10\tirtos_builds_MSP_EXP432P401R_release_ccs\Debug\configPkg\package\cfg\
       release_pem4f.oem4f          1934    1073      4364   
    +--+----------------------------+-------+---------+---------+
       Total:                       1934    1073      4364   
                                                             
    C:/ti/simplelink_msp432p4_sdk_3_40_01_02/kernel/tirtos/packages/ti/dpl/lib/dpl_msp432p401x.aem4f
       SemaphoreP_tirtos.oem4f      146     0         0      
       ClockP_tirtos.oem4f          114     0         8      
       PowerMSP432_tirtos.oem4f     122     0         0      
       HwiP_tirtos.oem4f            96      0         0      
       SystemP_tirtos.oem4f         4       0         0      
    +--+----------------------------+-------+---------+---------+
       Total:                       482     0         8      
                                                             
    C:/ti/simplelink_msp432p4_sdk_3_40_01_02/source/ti/devices/msp432p4xx/driverlib/ccs/msp432p4xx_driverlib.lib
       pcm.o                        1770    0         0      
       cs.o                         704     0         16     
       uart.o                       284     0         0      
       i2c.o                        108     0         0      
       sysctl_a.o                   64      0         0      
       rtc_c.o                      44      0         0      
       wdt_a.o                      36      0         0      
       cpu.o                        28      0         0      
       sysctl.o                     16      0         0      
    +--+----------------------------+-------+---------+---------+
       Total:                       3054    0         16     
                                                             
    C:/ti/simplelink_msp432p4_sdk_3_40_01_02/source/ti/display/lib/display.aem4f
       DisplayUart.oem4f            184     32        0      
       Display.oem4f                174     1         0      
    +--+----------------------------+-------+---------+---------+
       Total:                       358     33        0      
                                                             
    C:/ti/simplelink_msp432p4_sdk_3_40_01_02/source/ti/drivers/lib/drivers_msp432p401x.aem4f
       UARTMSP432.oem4f             3406    81        0      
       PowerMSP432.oem4f            2196    0         728    
       I2CMSP432.oem4f              2028    36        0      
       GPIOMSP432.oem4f             740     12        108    
       UART.oem4f                   186     36        2      
       I2C.oem4f                    172     16        2      
       RingBuf.oem4f                184     0         0      
       List.oem4f                   76      0         0      
    +--+----------------------------+-------+---------+---------+
       Total:                       8988    181       840    
                                                             
    C:\Users\SEbad\workspace_v10\tirtos_builds_MSP_EXP432P401R_release_ccs\src\sysbios\sysbios.aem4f
       BIOS.obj                     9591    0         272    
       m3_Hwi_asm.obj               318     0         0      
       m3_TaskSupport_asm.obj       180     0         0      
       m3_Hwi_asm_switch.obj        118     0         0      
    +--+----------------------------+-------+---------+---------+
       Total:                       10207   0         272    
                                                             
    C:\ti\ccs1010\ccs\tools\compiler\ti-cgt-arm_20.2.3.LTS\lib\rtsv7M4_T_le_v4SPD16_eabi.lib
       fd_add_t2.asm.obj            438     0         0      
       fd_cmp_t2.asm.obj            268     0         0      
       fd_mul_t2.asm.obj            252     0         0      
       memcpy_t2.asm.obj            156     0         0      
       memset_t2.asm.obj            122     0         0      
       copy_decompress_lzss.c.obj   104     0         0      
       cpy_tbl.c.obj                76      0         0      
       fd_toi_t2.asm.obj            72      0         0      
       fd_tou_t2.asm.obj            68      0         0      
       u_divt2.asm.obj              64      0         0      
       fs_tod_t2.asm.obj            56      0         0      
       i_tofd_t2.asm.obj            46      0         0      
       _lock.c.obj                  26      0         16     
       args_main.c.obj              24      0         0      
       strlen.c.obj                 20      0         0      
       copy_decompress_none.c.obj   14      0         0      
       copy_zero_init.c.obj         12      0         0      
       stkdepth_vars.c.obj          0       0         8      
       div0.asm.obj                 2       0         0      
    +--+----------------------------+-------+---------+---------+
       Total:                       1820    0         24     
                                                             
    C:\ti\simplelink_msp432p4_sdk_3_40_01_02\kernel\tirtos\packages\ti\targets\arm\rtsarm\lib\auto_init.aem4f
       auto_init.oem4f              160     0         0      
    +--+----------------------------+-------+---------+---------+
       Total:                       160     0         0      
                                                             
    C:\ti\simplelink_msp432p4_sdk_3_40_01_02\kernel\tirtos\packages\ti\targets\arm\rtsarm\lib\boot.aem4f
       boot.oem4f                   88      0         0      
    +--+----------------------------+-------+---------+---------+
       Total:                       88      0         0      
                                                             
       Stack:                       0       0         2048   
       Linker Generated:            0       567       0      
    +--+----------------------------+-------+---------+---------+
       Grand Total:                 28529   2117      10310  


LINKER GENERATED COPY TABLES

__TI_cinit_table @ 000078a0 records: 2, size/record: 8, table size: 16
	.data: load addr=00007678, load size=00000213 bytes, run addr=20008a0c, run size=00000617 bytes, compression=lzss
	.bss: load addr=00007898, load size=00000008 bytes, run addr=20008140, run size=000008cc bytes, compression=zero_init


LINKER GENERATED HANDLER TABLE

__TI_handler_table @ 0000788c records: 3, size/record: 4, table size: 12
	index: 0, handler: __TI_decompress_lzss
	index: 1, handler: __TI_decompress_none
	index: 2, handler: __TI_zero_init


GLOBAL SYMBOLS: SORTED ALPHABETICALLY BY Name 

address   name                                                            
-------   ----                                                            
00006e47  Board_init                                                      
00000cfb  Board_initHook                                                  
00006e53  CPU_cpsid                                                       
00006e5f  CPU_cpsie                                                       
0000190d  CPU_wfi                                                         
00006725  CS_setExternalClockSourceFrequency                              
00002791  CS_startHFXTWithTimeout                                         
00002875  CS_startLFXTWithTimeout                                         
00006f85  ClockP_Params_init                                              
0000500d  ClockP_create                                                   
00006e6b  ClockP_delete                                                   
00002955  ClockP_setTimeout                                               
00002efd  ClockP_start                                                    
0000383d  ClockP_stop                                                     
20008a00  ClockP_tickPeriod                                               
00001333  DisplayUartMin_clear                                            
00002d8b  DisplayUartMin_clearLines                                       
00006ab9  DisplayUartMin_close                                            
00003473  DisplayUartMin_control                                          
00007300  DisplayUartMin_fxnTable                                         
00004483  DisplayUartMin_getType                                          
00004007  DisplayUartMin_init                                             
0000540d  DisplayUartMin_open                                             
00005609  DisplayUartMin_vprintf                                          
00007518  Display_config                                                  
00007668  Display_count                                                   
0000758d  Display_defaultParams                                           
00006365  Display_doInit                                                  
00004b81  Display_doOpen                                                  
00006339  Display_doPrintf                                                
000074b8  GPIOMSP432_config                                               
000046bd  GPIO_hwiIntFxn                                                  
00003121  GPIO_init                                                       
000049fd  GPIO_setCallback                                                
00001641  GPIO_setConfig                                                  
00008000  HEAPSIZE                                                        
00006c35  HwiP_Params_init                                                
00005835  HwiP_create                                                     
00006e77  HwiP_delete                                                     
000039fd  HwiP_disable                                                    
00007009  HwiP_restore                                                    
000031cd  I2CMSP432_cancel                                                
0000440d  I2CMSP432_close                                                 
00005de3  I2CMSP432_control                                               
00007440  I2CMSP432_fxnTable                                              
000014bd  I2CMSP432_hwiIntFxn                                             
0000431b  I2CMSP432_init                                                  
00000f85  I2CMSP432_open                                                  
000024c1  I2CMSP432_transfer                                              
00006c45  I2C_Params_init                                                 
00007524  I2C_config                                                      
00007669  I2C_count                                                       
00007508  I2C_defaultParams                                               
00005695  I2C_init                                                        
000045e1  I2C_masterSendMultiByteFinish                                   
00005875  I2C_open                                                        
00006995  I2C_transfer                                                    
[...]
00006d89  xdc_runtime_Gate_leaveSystem__E                                 
00006d99  xdc_runtime_Memory_free__E                                      
00006da9  xdc_runtime_SysCallback_abort__E                                
00006da9  xdc_runtime_System_SupportProxy_abort__E                        
00006db9  xdc_runtime_SysCallback_exit__E                                 
00006db9  xdc_runtime_System_SupportProxy_exit__E                         
00006dc9  xdc_runtime_SysCallback_putch__E                                
00006dc9  xdc_runtime_System_SupportProxy_putch__E                        
00006dd9  xdc_runtime_SysCallback_ready__E                                
00006dd9  xdc_runtime_System_SupportProxy_ready__E                        
00006de9  xdc_runtime_System_vsnprintf__E                                 
00006df9  VL6180X_readRangeStatus                                         
00006e07  __TI_decompress_none                                            
00006e19  pthread_attr_setdetachstate                                     
00006e29  ti_sysbios_knl_Idle_loop__E                                     
00006e39  ti_sysbios_knl_Queue_empty__E                                   
00006e47  Board_init                                                      
00006e53  CPU_cpsid                                                       
00006e5f  CPU_cpsie                                                       
00006e6b  ClockP_delete                                                   
00006e77  HwiP_delete                                                     
00006e85  Power_getConstraintMask                                         
00006e91  Power_getPerformanceLevel                                       
00006e9d  SemaphoreP_delete                                               
00006ea9  _register_lock                                                  
00006eb5  _register_unlock                                                
00006ec1  __TI_zero_init                                                  
00006ed1  pthread_self                                                    
00006edd  ti_sysbios_family_arm_m3_Hwi_Params__init__S                    
00006edd  ti_sysbios_hal_Hwi_HwiProxy_Params__init__S                     
00006ee9  ti_sysbios_family_arm_m3_Hwi_disableFxn__E                      
00006ee9  ti_sysbios_hal_Hwi_HwiProxy_disable__E                          
00006ef9  ti_sysbios_family_arm_m3_TaskSupport_getStackAlignment__E       
00006ef9  ti_sysbios_knl_Task_SupportProxy_getStackAlignment__E           
00006f09  ti_sysbios_family_arm_msp432_Timer_getMaxTicks__E               
00006f19  ti_sysbios_gates_GateHwi_enter__E                               
00006f25  ti_sysbios_knl_Clock_Params__init__S                            
00006f31  ti_sysbios_knl_Queue_Object__get__S                             
00006f3d  ti_sysbios_knl_Semaphore_Params__init__S                        
00006f49  ti_sysbios_knl_Task_Params__init__S                             
00006f59  ti_sysbios_rts_ti_ReentSupport_taskRegHook__I                   
00006f69  xdc_runtime_Gate_enterSystem__E                                 
00006f79  xdc_runtime_Startup_rtsDone__E                                  
00006f85  ClockP_Params_init                                              
00006f8f  UART_close                                                      
00006f99  UART_control                                                    
00006fa3  UART_write                                                      
00006fad  xdc_runtime_Memory_HeapProxy_alloc__E                           
00006fb7  xdc_runtime_Memory_HeapProxy_free__E                            
00006fc1  SemaphoreP_Params_init                                          
00006fd1  pthread_attr_setstacksize                                       
00006fe1  ti_sysbios_family_arm_m3_Hwi_doSwiRestore__I                    
00006fe9  ti_sysbios_family_arm_m3_Hwi_startup__E                         
00006fe9  ti_sysbios_hal_Hwi_HwiProxy_startup__E                          
00006fe9  ti_sysbios_hal_Hwi_startup__E                                   
00007001  ti_sysbios_family_arm_m3_Hwi_doTaskRestore__I                   
00007009  HwiP_restore                                                    
00007009  ti_sysbios_family_arm_m3_Hwi_restoreFxn__E                      
00007009  ti_sysbios_hal_Hwi_HwiProxy_restore__E                          
00007011  ti_sysbios_gates_GateHwi_leave__E                               
00007019  ti_sysbios_heaps_HeapMem_isBlocking__E                          
00007021  ti_sysbios_knl_Clock_stop__E                                    
00007029  ti_sysbios_knl_Queue_Instance_init__E                           
00007031  ti_sysbios_knl_Swi_startup__E                                   
00007039  xdc_runtime_System_Module_startup__E                            
00007041  ti_sysbios_gates_GateHwi_query__E                               
00007041  xdc_runtime_Main_Module_GateProxy_query__E                      
00007041  xdc_runtime_System_Module_GateProxy_query__E                    
00007049  ti_sysbios_BIOS_RtsGateProxy_query__E                           
00007049  ti_sysbios_gates_GateMutex_query__E                             
00007049  ti_sysbios_heaps_HeapMem_Module_GateProxy_query__E              
00007051  ti_sysbios_knl_Clock_setTimeout__E                              
00007059  ti_sysbios_knl_Task_startup__E                                  
00007061  xdc_runtime_SysCallback_defaultReady                            
00007069  ti_sysbios_BIOS_linkedWithIncorrectBootLibrary__E               
00007071  ti_sysbios_gates_GateHwi_Instance_init__E                       
00007079  ti_sysbios_knl_Clock_logTick__E                                 
00007081  xdc_runtime_SysCallback_defaultAbort                            
00007089  xdc_runtime_SysCallback_defaultExit                             
00007091  xdc_runtime_SysCallback_defaultPutch                            
00007099  xdc_runtime_System_abortSpin__E                                 
000070a1  xdc_runtime_System_exitSpin__E                                  
000070e4  ti_sysbios_knl_Task_Object__PARAMS__C                           
00007120  PowerMSP432_config                                              
00007158  ti_sysbios_family_arm_m3_Hwi_Object__PARAMS__C                  
000071b4  UARTMSP432_fxnTable                                             
000071dc  ti_sysbios_heaps_HeapMem_Module__FXNS__C                        
00007204  UART_defaultParams                                              
00007228  ti_sysbios_gates_GateHwi_Module__FXNS__C                        
0000724c  ti_sysbios_gates_GateMutex_Module__FXNS__C                      
00007270  ti_sysbios_heaps_HeapMem_Object__PARAMS__C                      
00007294  ti_sysbios_knl_Clock_Object__PARAMS__C                          
000072b8  ti_sysbios_knl_Semaphore_Object__PARAMS__C                      
000072dc  xdc_runtime_Startup_sfxnTab__A                                  
00007300  DisplayUartMin_fxnTable                                         
00007340  ti_sysbios_family_arm_m3_Hwi_Object__DESC__C                    
00007360  ti_sysbios_gates_GateHwi_Object__DESC__C                        
00007380  ti_sysbios_gates_GateMutex_Object__DESC__C                      
000073a0  ti_sysbios_heaps_HeapMem_Object__DESC__C                        
000073c0  ti_sysbios_knl_Clock_Object__DESC__C                            
000073e0  ti_sysbios_knl_Queue_Object__DESC__C                            
00007400  ti_sysbios_knl_Semaphore_Object__DESC__C                        
00007420  ti_sysbios_knl_Task_Object__DESC__C                             
00007440  I2CMSP432_fxnTable                                              
00007458  ti_sysbios_gates_GateHwi_Object__PARAMS__C                      
00007470  ti_sysbios_gates_GateMutex_Object__PARAMS__C                    
00007488  ti_sysbios_knl_Queue_Object__PARAMS__C                          
000074a0  ti_sysbios_knl_Task_hooks__A                                    
000074b8  GPIOMSP432_config                                               
000074cc  displayUartHWAttrs                                              
000074e0  i2cMSP432HWAttrs                                                
000074f4  xdc_runtime_Startup_sfxnRts__A                                  
00007506  ti_sysbios_family_arm_m3_Hwi_Module__id__C                      
00007508  I2C_defaultParams                                               
00007518  Display_config                                                  
00007524  I2C_config                                                      
00007530  UART_config                                                     
00007548  xdc_runtime_Startup_firstFxns__A                                
00007554  ti_sysbios_knl_Idle_funcList__A                                 
0000755c  ti_sysbios_knl_Idle_funcList__C                                 
00007564  ti_sysbios_knl_Task_hooks__C                                    
0000756c  xdc_runtime_Startup_firstFxns__C                                
00007574  xdc_runtime_Startup_lastFxns__C                                 
0000758d  Display_defaultParams                                           
00007592  ti_sysbios_family_arm_msp432_init_Boot_bypassHFXT__C            
00007594  ti_sysbios_family_arm_m3_Hwi_E_alreadyDefined__C                
00007598  ti_sysbios_family_arm_m3_Hwi_E_badIntNum__C                     
0000759c  ti_sysbios_family_arm_m3_Hwi_NUM_INTERRUPTS__C                  
000075a0  ti_sysbios_family_arm_m3_Hwi_Object__count__C                   
000075a4  ti_sysbios_family_arm_m3_Hwi_ccr__C                             
000075a8  ti_sysbios_family_arm_m3_Hwi_excHandlerFunc__C                  
000075ac  ti_sysbios_family_arm_m3_Hwi_nullIsrFunc__C                     
000075b0  ti_sysbios_family_arm_m3_Hwi_priGroup__C                        
000075b4  ti_sysbios_family_arm_m3_Hwi_swiDisable__C                      
000075b8  ti_sysbios_family_arm_m3_Hwi_swiRestore__C                      
000075bc  ti_sysbios_family_arm_m3_TaskSupport_stackAlignment__C          
000075c0  ti_sysbios_family_arm_msp432_Timer_numTimerDevices__C           
000075c4  ti_sysbios_family_arm_msp432_Timer_startupNeeded__C             
000075c8  ti_sysbios_gates_GateMutex_Instance_State_sem__O                
000075cc  ti_sysbios_heaps_HeapMem_E_memory__C                            
000075d0  ti_sysbios_heaps_HeapMem_Module__gateObj__C                     
000075d4  ti_sysbios_heaps_HeapMem_Object__count__C                       
000075d8  ti_sysbios_heaps_HeapMem_primaryHeapBaseAddr__C                 
000075dc  ti_sysbios_heaps_HeapMem_primaryHeapEndAddr__C                  
000075e0  ti_sysbios_heaps_HeapMem_reqAlign__C                            
000075e4  ti_sysbios_knl_Clock_Module_State_clockQ__O                     
000075e8  ti_sysbios_knl_Clock_tickPeriod__C                              
000075ec  ti_sysbios_knl_Mailbox_Instance_State_freeQue__O                
000075f0  ti_sysbios_knl_Mailbox_Object__count__C                         
000075f4  ti_sysbios_knl_Mailbox_maxTypeAlign__C                          
000075f8  ti_sysbios_knl_Semaphore_Instance_State_pendQ__O                
000075fc  ti_sysbios_knl_Swi_Object__count__C                             
00007600  ti_sysbios_knl_Task_Module_State_inactiveQ__O                   
00007604  ti_sysbios_knl_Task_Object__count__C                            
00007608  ti_sysbios_knl_Task_Object__heap__C                             
0000760c  ti_sysbios_knl_Task_allBlockedFunc__C                           
00007610  ti_sysbios_knl_Task_defaultStackHeap__C                         
00007614  ti_sysbios_knl_Task_defaultStackSize__C                         
00007618  ti_sysbios_knl_Task_numConstructedTasks__C                      
0000761c  xdc_runtime_Error_E_memory__C                                   
00007620  xdc_runtime_Error_policyFxn__C                                  
00007624  xdc_runtime_IGateProvider_Interface__BASE__C                    
00007628  xdc_runtime_IHeap_Interface__BASE__C                            
0000762c  xdc_runtime_IModule_Interface__BASE__C                          
00007630  xdc_runtime_Memory_defaultHeapInstance__C                       
00007634  xdc_runtime_Startup_execImpl__C                                 
00007638  xdc_runtime_Startup_maxPasses__C                                
0000763c  xdc_runtime_Startup_sfxnRts__C                                  
00007640  xdc_runtime_Startup_sfxnTab__C                                  
00007644  xdc_runtime_SysCallback_abortFxn__C                             
00007648  xdc_runtime_SysCallback_exitFxn__C                              
0000764c  xdc_runtime_SysCallback_putchFxn__C                             
00007650  xdc_runtime_SysCallback_readyFxn__C                             
00007654  xdc_runtime_System_Module__gateObj__C                           
00007658  xdc_runtime_System_abortFxn__C                                  
0000765c  xdc_runtime_System_exitFxn__C                                   
00007660  xdc_runtime_System_extendFxn__C                                 
00007664  xdc_runtime_System_maxAtexitHandlers__C                         
00007668  Display_count                                                   
00007669  I2C_count                                                       
0000766a  UART_count                                                      
0000766b  xdc_runtime_Error_policy__C                                     
0000766c  ti_sysbios_family_arm_msp432_init_Boot_bypassLFXT__C            
0000766e  ti_sysbios_family_arm_msp432_init_Boot_enableHFXT__C            
00007670  ti_sysbios_family_arm_msp432_init_Boot_enableLFXT__C            
00007672  ti_sysbios_heaps_HeapMem_Module__id__C                          
00007674  xdc_runtime_Memory_Module__id__C                                
00007678  __TI_static_base__                                              
0000788c  __TI_Handler_Table_Base                                         
00007898  __TI_Handler_Table_Limit                                        
000078a0  __TI_CINIT_Base                                                 
000078b0  __TI_CINIT_Limit                                                
00008000  HEAPSIZE                                                        
20000000  __start___llvm_prf_cnts                                         
20000000  __stop___llvm_prf_cnts                                          
20000000  ti_sysbios_family_arm_m3_Hwi_ramVectors                         
20000140  __primary_heap_start__                                          
20008140  __primary_heap_end__                                            
20008540  ti_sysbios_knl_Task_Instance_State_0_stack__A                   
20008740  ti_sysbios_family_arm_m3_Hwi_dispatchTable                      
20008880  uartMSP432Objects                                               
20008900  i2cMSP432Objects                                                
200089a0  i2cTransaction                                                  
200089bc  i2cParams                                                       
200089cc  displayUartObject                                               
200089d8  readBuffer                                                      
200089e4  writeBuffer                                                     
20008a00  ClockP_tickPeriod                                               
20008a04  i2c                                                             
20008a08  ti_sysbios_knl_Task_Instance_State_0_hookEnv__A                 
20008a0c  PowerMSP432_perfLevels                                          
20008bd4  ti_sysbios_knl_Swi_Module_State_0_readyQ__A                     
20008c54  ti_sysbios_knl_Task_Module_State_0_readyQ__A                    
20008cd4  ti_sysbios_gates_GateMutex_Object__table__V                     
20008d28  ti_sysbios_knl_Task_Object__table__V                            
20008d74  ti_sysbios_family_arm_msp432_Timer_Object__table__V             
20008db8  ti_sysbios_knl_Task_Module__state__V                            
20008dfc  ti_sysbios_family_arm_m3_Hwi_Module__state__V                   
20008e30  ti_sysbios_knl_Swi_Object__table__V                             
20008e60  PowerMSP432_module                                              
20008e8c  ti_sysbios_knl_Clock_Module__state__V                           
20008eb8  ti_sysbios_BIOS_Module__state__V                                
20008edc  ti_sysbios_family_arm_msp432_Timer_Module_State_0_device__A     
20008efc  xdc_runtime_Error_IgnoreBlock                                   
20008f1c  ti_sysbios_knl_Swi_Module__state__V                             
20008f38  ti_sysbios_family_arm_m3_Hwi_Object__table__V                   
20008f50  ti_sysbios_heaps_HeapMem_Object__table__V                       
20008f68  ti_sysbios_family_arm_msp432_Timer_Module_State_0_handles__A    
20008f78  ti_sysbios_family_arm_msp432_ClockFreqs_Module__state__V        
20008f84  ti_sysbios_family_arm_msp432_Timer_Module__state__V             
20008f90  _lock                                                           
20008f94  _unlock                                                         
20008f98  gpioCallbackFunctions                                           
20008fa0  gpioPinConfigs                                                  
20008fa8  ti_sysbios_family_arm_m3_Hwi_Module__root__V                    
20008fb0  ti_sysbios_gates_GateHwi_Module__root__V                        
20008fb8  ti_sysbios_gates_GateMutex_Module__root__V                      
20008fc0  ti_sysbios_heaps_HeapMem_Module__root__V                        
20008fc8  ti_sysbios_knl_Clock_Module__root__V                            
20008fd0  ti_sysbios_knl_Queue_Module__root__V                            
20008fd8  ti_sysbios_knl_Semaphore_Module__root__V                        
20008fe0  ti_sysbios_knl_Task_Module__root__V                             
20008fe8  xdc_runtime_Startup_Module__state__V                            
20008ff0  xdc_runtime_System_Module_State_0_atexitHandlers__A             
20008ff8  xdc_runtime_System_Module__state__V                             
20009000  main_func_sp                                                    
20009004  ti_sysbios_family_arm_m3_Hwi_Module_State_0_excContext__A       
20009008  ti_sysbios_family_arm_m3_Hwi_Module_State_0_excStack__A         
2000900c  ti_sysbios_gates_GateHwi_Object__table__V                       
20009010  ti_sysbios_knl_Task_Module_State_0_idleTask__A                  
20009014  ti_sysbios_rts_ti_ReentSupport_Module__state__V                 
20009018  xdc_runtime_Memory_Module__state__V                             
2000901e  ti_sysbios_family_arm_m3_Hwi_Module_State_0_excActive__A        
20009022  retVal                                                          
2000fc00  __stack                                                         
20010000  __STACK_END                                                     
4000480c  WDTCTL_SYM                                                      
e000e000  ti_sysbios_family_arm_m3_Hwi_nvic                               
ffffffff  __TI_pprof_out_hndl                                             
ffffffff  __TI_prof_data_size                                             
ffffffff  __TI_prof_data_start                                            
ffffffff  __binit__                                                       
ffffffff  __c_args__                                                      
ffffffff  binit                                                           
UNDEFED   SHT$$INIT_ARRAY$$Base                                           
UNDEFED   SHT$$INIT_ARRAY$$Limit                                          

[597 symbols]
