******************************************************************************
                  TI ARM Linker PC v20.2.2                     
******************************************************************************
>> Linked Wed Feb 10 15:15:46 2021

OUTPUT FILE NAME:   <vl6180x_MSP_EXP432P401R_tirtos_ccs.out>
ENTRY POINT SYMBOL: "_c_int00"  address: 00004f71


MEMORY CONFIGURATION

         name            origin    length      used     unused   attr    fill
----------------------  --------  ---------  --------  --------  ----  --------
  MAIN                  00000000   00040000  00007a80  00038580  R  X
  INFO                  00200000   00004000  00000000  00004000  R  X
  SRAM_CODE             01000000   00010000  00009487  00006b79  RW X
  SRAM_DATA             20000000   00010000  00009487  00006b79  RW  


SEGMENT ALLOCATION MAP

run origin  load origin   length   init length attrs members
----------  ----------- ---------- ----------- ----- -------
00000000    00000000    00007a88   00007a88    r-x
  00000000    00000000    0000003c   0000003c    r-- .resetVecs
  00000040    00000040    00007212   00007212    r-x .text
  00007254    00007254    000005f2   000005f2    r-- .const
  00007848    00007848    00000240   00000240    r-- .cinit
20000140    20000140    00008000   00000000    r--
  20000140    20000140    00008000   00000000    r-- .priheap
20008140    20008140    00000f47   00000000    rw-
  20008140    20008140    00000920   00000000    rw- .bss
  20008a60    20008a60    00000627   00000000    rw- .data
2000fc00    2000fc00    00000400   00000000    rw-
  2000fc00    2000fc00    00000400   00000000    rw- .stack


SECTION ALLOCATION MAP

 output                                  attributes/
section   page    origin      length       input sections
--------  ----  ----------  ----------   ----------------
.text      0    00000040    00007212     
                  00000040    00000468     sysbios.aem4f : BIOS.obj (.text:xdc_runtime_System_doPrint__I)
                  000004a8    000002f8     drivers_msp432p401x.aem4f : PowerMSP432.oem4f (.text:Power_sleep)
                  000007a0    000002d0                               : UARTMSP432.oem4f (.text:UARTMSP432_open)
                  00000a70    00000290     vl6180x.obj (.text:mainThread)
                  00000d00    0000028a     msp432p4xx_driverlib.lib : pcm.o (.text:__PCM_setPowerStateAdvanced)
                  00000f8a    00000002     ti_drivers_config.obj (.text:Board_initHook)
                  00000f8c    00000288     drivers_msp432p401x.aem4f : PowerMSP432.oem4f (.text:initPerfControl)
                  00001214    000001f8                               : I2CMSP432.oem4f (.text:I2CMSP432_open)
                  0000140c    000001b6     rtsv7M4_T_le_v4SPD16_eabi.lib : fd_add_t2.asm.obj (.text)
                  000015c2    00000002     display.aem4f : DisplayUart.oem4f (.text:DisplayUartMin_clear)
                  000015c4    00000188     release_pem4f.oem4f (.text:xdc_runtime_System_printfExtend__I)
                  0000174c    00000184     drivers_msp432p401x.aem4f : I2CMSP432.oem4f (.text:I2CMSP432_hwiIntFxn)
                  000018d0    00000170                               : GPIOMSP432.oem4f (.text:GPIO_setConfig)
                  00001a40    0000016c     vl6180x.obj (.text:VL6180X_init)
                  00001bac    0000015c     msp432p4xx_driverlib.lib : pcm.o (.text:__PCM_setPowerModeAdvanced)
                  00001d08    00000130     sysbios.aem4f : BIOS.obj (.text:ti_sysbios_knl_Semaphore_pend__E)
                  00001e38    0000011c     msp432p4xx_driverlib.lib : uart.o (.text:UART_initModule)
                  00001f54    0000011c     drivers_msp432p401x.aem4f : I2CMSP432.oem4f (.text:primeTransfer)
                  00002070    00000108     msp432p4xx_driverlib.lib : pcm.o (.text:__PCM_setCoreVoltageLevelAdvanced)
                  00002178    00000108     sysbios.aem4f : BIOS.obj (.text:ti_sysbios_knl_Task_postInit__I)
                  00002280    00000108                   : BIOS.obj (.text:xdc_runtime_Startup_startMods__I)
                  00002388    00000104                   : BIOS.obj (.text:ti_sysbios_knl_Task_Instance_finalize__E)
                  0000248c    000000fc     rtsv7M4_T_le_v4SPD16_eabi.lib : fd_mul_t2.asm.obj (.text)
                  00002588    000000f8     sysbios.aem4f : BIOS.obj (.text:ti_sysbios_family_arm_msp432_init_Boot_configureClocksHigh)
                  00002680    000000f0     drivers_msp432p401x.aem4f : I2CMSP432.oem4f (.text:I2CMSP432_transfer)
                  00002770    000000f0     sysbios.aem4f : BIOS.obj (.text:pthread_create)
                  00002860    000000f0                   : m3_Hwi_asm.obj (.text:ti_sysbios_family_arm_m3_Hwi_dispatch__I)
                  00002950    000000e4     msp432p4xx_driverlib.lib : cs.o (.text:CS_startHFXTWithTimeout)
                  00002a34    000000e0                              : cs.o (.text:CS_startLFXTWithTimeout)
                  00002b14    00000004                              : cpu.o (.text:CPU_wfi)
                  00002b18    000000e0     sysbios.aem4f : BIOS.obj (.text:ti_sysbios_knl_Task_Instance_init__E)
                  00002bf8    000000dc     drivers_msp432p401x.aem4f : UARTMSP432.oem4f (.text:UARTMSP432_readPolling)
                  00002cd4    000000dc     msp432p4xx_driverlib.lib : cs.o (.text:_CSGetHFXTFrequency)
                  00002db0    000000d0     sysbios.aem4f : BIOS.obj (.text:ti_sysbios_heaps_HeapMem_alloc__E)
                  00002e80    000000ca     drivers_msp432p401x.aem4f : UARTMSP432.oem4f (.text:UARTMSP432_hwiIntFxn)
                  00002f4a    00000002     display.aem4f : DisplayUart.oem4f (.text:DisplayUartMin_clearLines)
                  00002f4c    000000b8     drivers_msp432p401x.aem4f : UARTMSP432.oem4f (.text:initHw)
                  00003004    000000b8                               : UARTMSP432.oem4f (.text:readTaskCallback)
                  000030bc    00000004     dpl_msp432p401x.aem4f : ClockP_tirtos.oem4f (.text:ClockP_setTimeout)
                  000030c0    000000b8     sysbios.aem4f : BIOS.obj (.text:ti_sysbios_family_arm_m3_Hwi_Instance_init__E)
                  00003178    000000b4     drivers_msp432p401x.aem4f : UARTMSP432.oem4f (.text:UARTMSP432_control)
                  0000322c    000000b4                               : UARTMSP432.oem4f (.text:UARTMSP432_writePolling)
                  000032e0    000000ac                               : GPIOMSP432.oem4f (.text:GPIO_init)
                  0000338c    000000ac                               : I2CMSP432.oem4f (.text:I2CMSP432_cancel)
                  00003438    000000aa     sysbios.aem4f : BIOS.obj (.text:xdc_runtime_Core_createObject__I)
                  000034e2    000000a8     drivers_msp432p401x.aem4f : UARTMSP432.oem4f (.text:UARTMSP432_write)
                  0000358a    000000a8                               : UARTMSP432.oem4f (.text:readTaskBlocking)
                  00003632    00000006     display.aem4f : DisplayUart.oem4f (.text:DisplayUartMin_control)
                  00003638    000000a8     sysbios.aem4f : BIOS.obj (.text:ti_sysbios_family_arm_msp432_Timer_periodicStub__E)
                  000036e0    000000a4                   : BIOS.obj (.text:ti_sysbios_knl_Task_setPri__E)
                  00003784    000000a0     auto_init.aem4f : auto_init.oem4f (.text)
                  00003824    000000a0     drivers_msp432p401x.aem4f : UARTMSP432.oem4f (.text:readIsrTextCallback)
                  000038c4    0000009c                               : PowerMSP432.oem4f (.text:Power_init)
                  00003960    0000009c     rtsv7M4_T_le_v4SPD16_eabi.lib : memcpy_t2.asm.obj (.text)
                  000039fc    00000004     dpl_msp432p401x.aem4f : ClockP_tirtos.oem4f (.text:ClockP_start)
                  00003a00    00000094     sysbios.aem4f : BIOS.obj (.text:_pthread_removeThreadKeys)
                  00003a94    00000004     dpl_msp432p401x.aem4f : ClockP_tirtos.oem4f (.text:ClockP_stop)
                  00003a98    00000094     sysbios.aem4f : BIOS.obj (.text:ti_sysbios_family_arm_m3_Hwi_initNVIC__E)
                  00003b2c    00000004     dpl_msp432p401x.aem4f : HwiP_tirtos.oem4f (.text:HwiP_disable)
                  00003b30    00000094     sysbios.aem4f : BIOS.obj (.text:ti_sysbios_knl_Task_exit__E)
                  00003bc4    00000092     drivers_msp432p401x.aem4f : UARTMSP432.oem4f (.text:UARTMSP432_close)
                  00003c56    00000092                               : UARTMSP432.oem4f (.text:writeData)
                  00003ce8    00000090     vl6180x.obj (.text:readReg16Bit)
                  00003d78    00000090     sysbios.aem4f : BIOS.obj (.text:ti_sysbios_knl_Task_Module_startup__E)
                  00003e08    0000008c     drivers_msp432p401x.aem4f : UARTMSP432.oem4f (.text:readIsrTextBlocking)
                  00003e94    0000008c     sysbios.aem4f : m3_TaskSupport_asm.obj (.text:ti_sysbios_family_arm_m3_TaskSupport_buildTaskStack)
                  00003f20    0000008c                   : BIOS.obj (.text:xdc_runtime_Memory_alloc__E)
                  00003fac    00000086     rtsv7M4_T_le_v4SPD16_eabi.lib : fd_cmp_t2.asm.obj (.text:__aeabi_cdcmple)
                  00004032    00000086                                   : fd_cmp_t2.asm.obj (.text:__aeabi_cdrcmple)
                  000040b8    00000086     sysbios.aem4f : BIOS.obj (.text:xdc_runtime_Core_constructObject__I)
                  0000413e    00000002     display.aem4f : DisplayUart.oem4f (.text:DisplayUartMin_init)
                  00004140    00000084     msp432p4xx_driverlib.lib : pcm.o (.text:PCM_gotoLPM3)
                  000041c4    00000084     drivers_msp432p401x.aem4f : PowerMSP432.oem4f (.text:restartHFXT)
                  00004248    00000084     sysbios.aem4f : BIOS.obj (.text:ti_sysbios_family_arm_m3_Hwi_postInit__I)
                  000042cc    00000004     dpl_msp432p401x.aem4f : SemaphoreP_tirtos.oem4f (.text:SemaphoreP_post)
                  000042d0    00000084     sysbios.aem4f : BIOS.obj (.text:ti_sysbios_heaps_HeapMem_free__E)
                  00004354    00000084     vl6180x.obj (.text:writeReg16Bit)
                  000043d8    00000080     sysbios.aem4f : BIOS.obj (.text:ti_sysbios_knl_Clock_workFunc__E)
                  00004458    0000007a     rtsv7M4_T_le_v4SPD16_eabi.lib : memset_t2.asm.obj (.text)
                  000044d2    00000076     drivers_msp432p401x.aem4f : I2CMSP432.oem4f (.text:I2CMSP432_close)
                  00004548    00000075     sysbios.aem4f : BIOS.obj (.text:xdc_runtime_System_formatNum__I)
                  000045bd    00000001     --HOLE-- [fill = 0]
                  000045be    00000002     drivers_msp432p401x.aem4f : I2CMSP432.oem4f (.text:I2CMSP432_init)
                  000045c0    00000074     vl6180x.obj (.text:readReg)
                  00004634    00000074     vl6180x.obj (.text:writeReg)
                  000046a8    00000070     drivers_msp432p401x.aem4f : UARTMSP432.oem4f (.text:UARTMSP432_writeCancel)
                  00004718    00000070     sysbios.aem4f : BIOS.obj (.text:ti_sysbios_heaps_HeapMem_initPrimary__I)
                  00004788    0000006e     vl6180x.obj (.text:VL6180X_configureDefault)
                  000047f6    00000002     dpl_msp432p401x.aem4f : PowerMSP432_tirtos.oem4f (.text:PowerMSP432_initPolicy)
                  000047f8    0000006c     msp432p4xx_driverlib.lib : i2c.o (.text:I2C_masterSendMultiByteFinish)
                  00004864    00000004     dpl_msp432p401x.aem4f : SystemP_tirtos.oem4f (.text:SystemP_vsnprintf)
                  00004868    0000006c     sysbios.aem4f : BIOS.obj (.text:ti_sysbios_knl_Swi_restoreHwi__E)
                  000048d4    00000068     drivers_msp432p401x.aem4f : GPIOMSP432.oem4f (.text:GPIO_hwiIntFxn)
                  0000493c    00000068                               : PowerMSP432.oem4f (.text:PowerMSP432_getFreqs)
                  000049a4    00000068     rtsv7M4_T_le_v4SPD16_eabi.lib : copy_decompress_lzss.c.obj (.text:decompress:lzss:__TI_decompress_lzss)
                  00004a0c    00000068     drivers_msp432p401x.aem4f : I2CMSP432.oem4f (.text:initHw)
                  00004a74    00000004     release_pem4f.oem4f (.text:ti_sysbios_BIOS_RtsGateProxy_enter__E)
                  00004a78    00000066     sysbios.aem4f : BIOS.obj (.text:xdc_runtime_Core_deleteObject__I)
                  00004ade    00000002     drivers_msp432p401x.aem4f : UARTMSP432.oem4f (.text:UARTMSP432_init)
                  00004ae0    00000064     main_tirtos.obj (.text:main)
                  00004b44    00000004     release_pem4f.oem4f (.text:ti_sysbios_BIOS_RtsGateProxy_leave__E)
                  00004b48    00000064     sysbios.aem4f : BIOS.obj (.text:pthread_exit)
                  00004bac    00000004     release_pem4f.oem4f (.text:ti_sysbios_family_arm_m3_Hwi_delete)
                  00004bb0    00000064     sysbios.aem4f : BIOS.obj (.text:ti_sysbios_family_arm_m3_Hwi_dispatchC__I)
                  00004c14    00000060     drivers_msp432p401x.aem4f : GPIOMSP432.oem4f (.text:GPIO_setCallback)
                  00004c74    00000004     release_pem4f.oem4f (.text:ti_sysbios_family_arm_m3_TaskSupport_Module__startupDone__S)
                  00004c78    00000060     sysbios.aem4f : BIOS.obj (.text:ti_sysbios_knl_Semaphore_post__E)
                  00004cd8    00000060                   : BIOS.obj (.text:ti_sysbios_knl_Swi_run__I)
                  00004d38    0000005e     msp432p4xx_driverlib.lib : pcm.o (.text:PCM_getCoreVoltageLevel)
                  00004d96    00000002     rtsv7M4_T_le_v4SPD16_eabi.lib : _lock.c.obj (.text:_nop)
                  00004d98    0000005c     display.aem4f : Display.oem4f (.text:Display_doOpen)
                  00004df4    00000004     release_pem4f.oem4f (.text:ti_sysbios_heaps_HeapMem_Module_GateProxy_enter__E)
                  00004df8    0000005c     sysbios.aem4f : BIOS.obj (.text:ti_sysbios_knl_Swi_schedule__I)
                  00004e54    00000004     release_pem4f.oem4f (.text:ti_sysbios_heaps_HeapMem_Module_GateProxy_leave__E)
                  00004e58    0000005c     sysbios.aem4f : BIOS.obj (.text:ti_sysbios_knl_Task_startCore__E)
                  00004eb4    00000004     release_pem4f.oem4f (.text:ti_sysbios_knl_Clock_TimerProxy_getMaxTicks__E)
                  00004eb8    0000005c     sysbios.aem4f : BIOS.obj (.text:xdc_runtime_Startup_exec__E)
                  00004f14    0000005a     msp432p4xx_driverlib.lib : pcm.o (.text:PCM_getPowerMode)
                  00004f6e    00000002     rtsv7M4_T_le_v4SPD16_eabi.lib : div0.asm.obj (.text)
                  00004f70    00000058     boot.aem4f : boot.oem4f (.text)
                  00004fc8    00000058     drivers_msp432p401x.aem4f : UARTMSP432.oem4f (.text:readIsrBinaryBlocking)
                  00005020    00000058     sysbios.aem4f : m3_Hwi_asm_switch.obj (.text:ti_sysbios_family_arm_m3_Hwi_initStacks__E)
                  00005078    00000056     drivers_msp432p401x.aem4f : I2CMSP432.oem4f (.text:completeTransfer)
                  000050ce    00000002     release_pem4f.oem4f (.text:ti_sysbios_BIOS_nullFunc__I)
                  000050d0    00000054     msp432p4xx_driverlib.lib : pcm.o (.text:PCM_shutdownDevice)
                  00005124    00000054     release_pem4f.oem4f (.text:ti_sysbios_family_arm_m3_Hwi_create)
                  00005178    00000054     sysbios.aem4f : BIOS.obj (.text:ti_sysbios_family_arm_msp432_Timer_initDevice__I)
                  000051cc    00000050     dpl_msp432p401x.aem4f : ClockP_tirtos.oem4f (.text:ClockP_create)
                  0000521c    00000004     release_pem4f.oem4f (.text:ti_sysbios_knl_Clock_delete)
                  00005220    00000050     sysbios.aem4f : BIOS.obj (.text:ti_sysbios_family_arm_m3_Hwi_Module_startup__E)
                  00005270    00000050     release_pem4f.oem4f (.text:ti_sysbios_knl_Task_create)
                  000052c0    0000004c     dpl_msp432p401x.aem4f : PowerMSP432_tirtos.oem4f (.text:PowerMSP432_sleepPolicy)
                  0000530c    0000004c     rtsv7M4_T_le_v4SPD16_eabi.lib : cpy_tbl.c.obj (.text:copy_in)
                  00005358    0000004c     drivers_msp432p401x.aem4f : UARTMSP432.oem4f (.text:readIsrBinaryCallback)
                  000053a4    00000004     release_pem4f.oem4f (.text:ti_sysbios_knl_Semaphore_delete)
                  000053a8    0000004c     sysbios.aem4f : BIOS.obj (.text:ti_sysbios_family_arm_msp432_Timer_postInit__I)
                  000053f4    00000004     release_pem4f.oem4f (.text:ti_sysbios_knl_Task_delete)
                  000053f8    0000004c     sysbios.aem4f : BIOS.obj (.text:ti_sysbios_family_arm_msp432_Timer_start__E)
                  00005444    00000004     release_pem4f.oem4f (.text:xdc_runtime_System_Module_GateProxy_enter__E)
                  00005448    0000004c     sysbios.aem4f : BIOS.obj (.text:ti_sysbios_heaps_HeapMem_getStats__E)
                  00005494    00000004     release_pem4f.oem4f (.text:xdc_runtime_System_Module_GateProxy_leave__E)
                  00005498    0000004c     sysbios.aem4f : BIOS.obj (.text:ti_sysbios_knl_Swi_runLoop__I)
                  000054e4    00000004     --HOLE-- [fill = 0]
                  000054e8    0000004c                   : BIOS.obj (.text:ti_sysbios_knl_Task_allBlockedFunction__I)
                  00005534    00000004     --HOLE-- [fill = 0]
                  00005538    0000004c                   : BIOS.obj (.text:ti_sysbios_knl_Task_schedule__I)
                  00005584    0000004a     display.aem4f : DisplayUart.oem4f (.text:DisplayUartMin_open)
                  000055ce    00000002     --HOLE-- [fill = 0]
                  000055d0    00000048     drivers_msp432p401x.aem4f : PowerMSP432.oem4f (.text:Power_releaseConstraint)
                  00005618    00000048     rtsv7M4_T_le_v4SPD16_eabi.lib : fd_toi_t2.asm.obj (.text)
                  00005660    00000048     sysbios.aem4f : BIOS.obj (.text:ti_sysbios_family_arm_m3_Hwi_disableInterrupt__E)
                  000056a8    00000048                   : BIOS.obj (.text:ti_sysbios_family_arm_m3_Hwi_enableInterrupt__E)
                  000056f0    00000048                   : BIOS.obj (.text:ti_sysbios_knl_Mailbox_Module_startup__E)
                  00005738    00000048                   : BIOS.obj (.text:xdc_runtime_Core_assignParams__I)
                  00005780    00000046     display.aem4f : DisplayUart.oem4f (.text:DisplayUartMin_vprintf)
                  000057c6    00000046     drivers_msp432p401x.aem4f : RingBuf.oem4f (.text:RingBuf_put)
                  0000580c    00000044                               : I2C.oem4f (.text:I2C_init)
                  00005850    00000044                               : UART.oem4f (.text:UART_init)
                  00005894    00000044                               : I2CMSP432.oem4f (.text:perfChangeNotifyFxn)
                  000058d8    00000044     rtsv7M4_T_le_v4SPD16_eabi.lib : fd_tou_t2.asm.obj (.text)
                  0000591c    00000004     --HOLE-- [fill = 0]
                  00005920    00000044     sysbios.aem4f : BIOS.obj (.text:ti_sysbios_family_arm_m3_Hwi_getStackInfo__E)
                  00005964    00000004     --HOLE-- [fill = 0]
                  00005968    00000044                   : BIOS.obj (.text:ti_sysbios_knl_Swi_post__E)
                  000059ac    00000042     vl6180x.obj (.text:VL6180X_readRange)
                  000059ee    00000002     --HOLE-- [fill = 0]
                  000059f0    00000040     dpl_msp432p401x.aem4f : HwiP_tirtos.oem4f (.text:HwiP_create)
                  00005a30    00000040     drivers_msp432p401x.aem4f : I2C.oem4f (.text:I2C_open)
                  00005a70    00000040                               : RingBuf.oem4f (.text:RingBuf_get)
                  00005ab0    00000040                               : UARTMSP432.oem4f (.text:UARTMSP432_read)
                  00005af0    00000040                               : UART.oem4f (.text:UART_open)
                  00005b30    00000040                               : UARTMSP432.oem4f (.text:perfChangeNotifyFxn)
                  00005b70    00000040     rtsv7M4_T_le_v4SPD16_eabi.lib : u_divt2.asm.obj (.text)
                  00005bb0    00000040     sysbios.aem4f : BIOS.obj (.text:ti_sysbios_family_arm_msp432_Timer_Module_startup__E)
                  00005bf0    00000040                   : BIOS.obj (.text:ti_sysbios_family_arm_msp432_Timer_startup__E)
                  00005c30    00000040                   : BIOS.obj (.text:ti_sysbios_heaps_HeapMem_Instance_init__E)
                  00005c70    00000040                   : BIOS.obj (.text:ti_sysbios_knl_Clock_Instance_init__E)
                  00005cb0    0000003c     dpl_msp432p401x.aem4f : SemaphoreP_tirtos.oem4f (.text:SemaphoreP_create)
                  00005cec    00000004     --HOLE-- [fill = 0]
                  00005cf0    0000003c     sysbios.aem4f : BIOS.obj (.text:ti_sysbios_family_arm_m3_Hwi_Instance_finalize__E)
                  00005d2c    00000004     --HOLE-- [fill = 0]
                  00005d30    0000003c                   : BIOS.obj (.text:ti_sysbios_family_arm_msp432_Seconds_Module_startup__E)
                  00005d6c    0000003c     release_pem4f.oem4f (.text:ti_sysbios_knl_Clock_create)
                  00005da8    0000003c     sysbios.aem4f : BIOS.obj (.text:ti_sysbios_knl_Swi_restore__E)
                  00005de4    00000038     drivers_msp432p401x.aem4f : PowerMSP432.oem4f (.text:Power_setConstraint)
                  00005e1c    00000038                               : PowerMSP432.oem4f (.text:notify)
                  00005e54    00000038     rtsv7M4_T_le_v4SPD16_eabi.lib : fs_tod_t2.asm.obj (.text)
                  00005e8c    00000004     --HOLE-- [fill = 0]
                  00005e90    00000038     sysbios.aem4f : BIOS.obj (.text:xdc_runtime_System_atexit__E)
                  00005ec8    00000036     drivers_msp432p401x.aem4f : UARTMSP432.oem4f (.text:UARTMSP432_readCancel)
                  00005efe    00000002     --HOLE-- [fill = 0]
                  00005f00    00000034     release_pem4f.oem4f (.text:ti_sysbios_knl_Semaphore_create)
                  00005f34    00000004     --HOLE-- [fill = 0]
                  00005f38    00000032     sysbios.aem4f : BIOS.obj (.text:ti_sysbios_hal_Hwi_initStack)
                  00005f6a    00000006     display.aem4f : DisplayUart.oem4f (.text:DisplayUartMin_getType)
                  00005f70    00000032     sysbios.aem4f : BIOS.obj (.text:xdc_runtime_System_putchar__I)
                  00005fa2    00000002     --HOLE-- [fill = 0]
                  00005fa4    00000030     drivers_msp432p401x.aem4f : I2CMSP432.oem4f (.text:mapPin)
                  00005fd4    00000030                               : UARTMSP432.oem4f (.text:mapPin)
                  00006004    00000030     release_pem4f.oem4f (.text:ti_sysbios_BIOS_atExitFunc__I)
                  00006034    00000030     release_pem4f.oem4f (.text:ti_sysbios_BIOS_startFunc__I)
                  00006064    00000004     --HOLE-- [fill = 0]
                  00006068    00000030     sysbios.aem4f : BIOS.obj (.text:ti_sysbios_family_arm_m3_TaskSupport_start__E)
                  00006098    00000030     release_pem4f.oem4f (.text:ti_sysbios_gates_GateHwi_Object__create__S)
                  000060c8    00000030     release_pem4f.oem4f (.text:ti_sysbios_gates_GateMutex_Object__create__S)
                  000060f8    00000030     sysbios.aem4f : BIOS.obj (.text:ti_sysbios_gates_GateMutex_enter__E)
                  00006128    00000030     release_pem4f.oem4f (.text:ti_sysbios_heaps_HeapMem_Object__create__S)
                  00006158    00000030     sysbios.aem4f : BIOS.obj (.text:ti_sysbios_knl_Mailbox_postInit__I)
                  00006188    00000030     release_pem4f.oem4f (.text:ti_sysbios_knl_Semaphore_construct)
                  000061b8    00000030     sysbios.aem4f : BIOS.obj (.text:ti_sysbios_knl_Semaphore_pendTimeout__I)
                  000061e8    00000030                   : BIOS.obj (.text:ti_sysbios_knl_Task_processVitalTaskFlag__I)
                  00006218    00000030                   : BIOS.obj (.text:ti_sysbios_knl_Task_restore__E)
                  00006248    00000030                   : BIOS.obj (.text:ti_sysbios_knl_Task_unblockI__E)
                  00006278    00000030                   : BIOS.obj (.text:xdc_runtime_System_processAtExit__E)
                  000062a8    0000002e                   : BIOS.obj (.text:pthread_setcancelstate)
                  000062d6    0000002e     rtsv7M4_T_le_v4SPD16_eabi.lib : i_tofd_t2.asm.obj (.text)
                  00006304    0000002c     dpl_msp432p401x.aem4f : PowerMSP432_tirtos.oem4f (.text:PowerMSP432_updateFreqs)
                  00006330    0000002c     msp432p4xx_driverlib.lib : rtc_c.o (.text:RTC_C_holdClock)
                  0000635c    0000002c     dpl_msp432p401x.aem4f : SemaphoreP_tirtos.oem4f (.text:SemaphoreP_createBinary)
                  00006388    0000002c     sysbios.aem4f : BIOS.obj (.text:_pthread_cleanupFxn)
                  000063b4    00000004     --HOLE-- [fill = 0]
                  000063b8    0000002c                   : BIOS.obj (.text:_pthread_delete$43)
                  000063e4    0000002c     release_pem4f.oem4f (.text:ti_sysbios_gates_GateHwi_Handle__label__S)
                  00006410    0000002c     release_pem4f.oem4f (.text:ti_sysbios_gates_GateMutex_Handle__label__S)
                  0000643c    0000002c     release_pem4f.oem4f (.text:ti_sysbios_heaps_HeapMem_Handle__label__S)
                  00006468    0000002c     release_pem4f.oem4f (.text:ti_sysbios_knl_Clock_doTick__I)
                  00006494    0000002c     release_pem4f.oem4f (.text:ti_sysbios_knl_Queue_construct)
                  000064c0    0000002a     display.aem4f : Display.oem4f (.text:Display_doPrintf)
                  000064ea    00000002     --HOLE-- [fill = 0]
                  000064ec    00000028                   : Display.oem4f (.text:Display_doInit)
                  00006514    00000028     msp432p4xx_driverlib.lib : pcm.o (.text:PCM_gotoLPM0)
                  0000653c    00000028     drivers_msp432p401x.aem4f : PowerMSP432.oem4f (.text:Power_registerNotify)
                  00006564    00000028                               : PowerMSP432.oem4f (.text:disableFaultCounter)
                  0000658c    00000028                               : PowerMSP432.oem4f (.text:disableHFXT)
                  000065b4    00000028                               : UARTMSP432.oem4f (.text:findBaudDividerIndex)
                  000065dc    00000028     sysbios.aem4f : m3_Hwi_asm.obj (.text:ti_sysbios_family_arm_m3_Hwi_excHandlerAsm__I)
                  00006604    00000004     --HOLE-- [fill = 0]
                  00006608    00000028                   : BIOS.obj (.text:ti_sysbios_knl_Clock_addI__E)
                  00006630    00000028                   : BIOS.obj (.text:ti_sysbios_knl_Swi_Module_startup__E)
                  00006658    00000026     drivers_msp432p401x.aem4f : List.oem4f (.text:List_put)
                  0000667e    00000026                               : List.oem4f (.text:List_remove)
                  000066a4    00000026     sysbios.aem4f : m3_Hwi_asm.obj (.text:ti_sysbios_family_arm_m3_Hwi_pendSV__I)
                  000066ca    00000002     --HOLE-- [fill = 0]
                  000066cc    00000024     msp432p4xx_driverlib.lib : wdt_a.o (.text:WDT_A_holdTimer)
                  000066f0    00000024     sysbios.aem4f : BIOS.obj (.text:pthread_attr_init)
                  00006714    00000024     release_pem4f.oem4f (.text:ti_sysbios_BIOS_registerRTSLock__I)
                  00006738    00000024     release_pem4f.oem4f (.text:ti_sysbios_BIOS_removeRTSLock__I)
                  0000675c    00000004     --HOLE-- [fill = 0]
                  00006760    00000024     sysbios.aem4f : BIOS.obj (.text:ti_sysbios_family_arm_msp432_ClockFreqs_setFrequency__E)
                  00006784    00000024     release_pem4f.oem4f (.text:ti_sysbios_gates_GateMutex_Object__delete__S)
                  000067a8    00000024     sysbios.aem4f : BIOS.obj (.text:ti_sysbios_knl_Clock_Module_startup__E)
                  000067cc    00000024     release_pem4f.oem4f (.text:ti_sysbios_knl_Clock_Object__delete__S)
                  000067f0    00000024     sysbios.aem4f : BIOS.obj (.text:ti_sysbios_knl_Clock_start__E)
                  00006814    00000004     --HOLE-- [fill = 0]
                  00006818    00000024                   : BIOS.obj (.text:ti_sysbios_knl_Semaphore_Instance_init__E)
                  0000683c    00000024     release_pem4f.oem4f (.text:ti_sysbios_knl_Semaphore_Object__delete__S)
                  00006860    00000024     sysbios.aem4f : BIOS.obj (.text:ti_sysbios_knl_Task_restoreHwi__E)
                  00006884    00000004     --HOLE-- [fill = 0]
                  00006888    00000024                   : BIOS.obj (.text:xdc_runtime_Error_policyMin__E)
                  000068ac    00000020     msp432p4xx_driverlib.lib : cs.o (.text:CS_setExternalClockSourceFrequency)
                  000068cc    00000020     drivers_msp432p401x.aem4f : PowerMSP432.oem4f (.text:Power_unregisterNotify)
                  000068ec    00000020                               : RingBuf.oem4f (.text:RingBuf_peek)
                  0000690c    00000020     release_pem4f.oem4f (.text:ti_sysbios_BIOS_rtsLock__I)
                  0000692c    00000020     release_pem4f.oem4f (.text:ti_sysbios_family_arm_m3_Hwi_Object__delete__S)
                  0000694c    00000020     release_pem4f.oem4f (.text:ti_sysbios_gates_GateHwi_Object__delete__S)
                  0000696c    00000020     release_pem4f.oem4f (.text:ti_sysbios_heaps_HeapMem_Object__delete__S)
                  0000698c    00000004     --HOLE-- [fill = 0]
                  00006990    00000020     sysbios.aem4f : BIOS.obj (.text:ti_sysbios_knl_Idle_run__E)
                  000069b0    00000020     release_pem4f.oem4f (.text:ti_sysbios_knl_Semaphore_destruct)
                  000069d0    00000020     release_pem4f.oem4f (.text:ti_sysbios_knl_Task_Object__delete__S)
                  000069f0    0000001e     vl6180x.obj (.text:VL6180X_startRange)
                  00006a0e    0000001e     sysbios.aem4f : m3_Hwi_asm_switch.obj (.text:ti_sysbios_family_xxx_Hwi_switchAndRunFunc)
                  00006a2c    00000004     --HOLE-- [fill = 0]
                  00006a30    0000001c                   : BIOS.obj (.text:ti_sysbios_family_arm_m3_Hwi_excHandler__I)
                  00006a4c    00000004     --HOLE-- [fill = 0]
                  00006a50    0000001c                   : BIOS.obj (.text:ti_sysbios_gates_GateMutex_Instance_init__E)
                  00006a6c    00000004     --HOLE-- [fill = 0]
                  00006a70    0000001c                   : BIOS.obj (.text:ti_sysbios_knl_Clock_Instance_finalize__E)
                  00006a8c    0000001c     release_pem4f.oem4f (.text:ti_sysbios_knl_Queue_destruct)
                  00006aa8    0000001c     sysbios.aem4f : BIOS.obj (.text:ti_sysbios_knl_Queue_put__E)
                  00006ac4    00000004     --HOLE-- [fill = 0]
                  00006ac8    0000001c                   : BIOS.obj (.text:ti_sysbios_knl_Task_enter__I)
                  00006ae4    00000004     --HOLE-- [fill = 0]
                  00006ae8    0000001c                   : BIOS.obj (.text:xdc_runtime_Memory_valloc__E)
                  00006b04    00000004     --HOLE-- [fill = 0]
                  00006b08    0000001c                   : BIOS.obj (.text:xdc_runtime_System_abort__E)
                  00006b24    00000018     release_pem4f.oem4f (.text:.bootCodeSection:ti_sysbios_family_arm_msp432_init_Boot_init__I)
                  00006b3c    00000018     drivers_msp432p401x.aem4f : I2C.oem4f (.text:I2C_transfer)
                  00006b54    00000018     msp432p4xx_driverlib.lib : sysctl_a.o (.text:SysCtl_A_disableNMISource)
                  00006b6c    00000018                              : sysctl_a.o (.text:SysCtl_A_enableNMISource)
                  00006b84    00000018     drivers_msp432p401x.aem4f : UART.oem4f (.text:UART_Params_init)
                  00006b9c    00000018     rtsv7M4_T_le_v4SPD16_eabi.lib : args_main.c.obj (.text:_args_main)
                  00006bb4    00000018     release_pem4f.oem4f (.text:ti_sysbios_BIOS_rtsUnlock__I)
                  00006bcc    00000018     release_pem4f.oem4f (.text:ti_sysbios_family_arm_m3_Hwi_Module__startupDone__F)
                  00006be4    00000018     sysbios.aem4f : m3_TaskSupport_asm.obj (.text:ti_sysbios_family_arm_m3_TaskSupport_swap__E)
                  00006bfc    00000018     release_pem4f.oem4f (.text:ti_sysbios_family_arm_msp432_Timer_Module__startupDone__F)
                  00006c14    00000004     --HOLE-- [fill = 0]
                  00006c18    00000018     sysbios.aem4f : BIOS.obj (.text:ti_sysbios_gates_GateMutex_leave__E)
                  00006c30    00000018                   : BIOS.obj (.text:xdc_runtime_Error_init__E)
                  00006c48    00000018                   : BIOS.obj (.text:xdc_runtime_System_exit__E)
                  00006c60    00000016     display.aem4f : DisplayUart.oem4f (.text:DisplayUartMin_close)
                  00006c76    00000016     release_pem4f.oem4f (.text:ti_sysbios_BIOS_exitFunc__I)
                  00006c8c    00000004     --HOLE-- [fill = 0]
                  00006c90    00000016     sysbios.aem4f : BIOS.obj (.text:ti_sysbios_knl_Task_unblock__E)
                  00006ca6    00000002     --HOLE-- [fill = 0]
                  00006ca8    00000014     msp432p4xx_driverlib.lib : pcm.o (.text:PCM_getPowerState)
                  00006cbc    00000014     drivers_msp432p401x.aem4f : PowerMSP432.oem4f (.text:Power_idleFunc)
                  00006cd0    00000014                               : UARTMSP432.oem4f (.text:clearTXCPTIFG)
                  00006ce4    00000004     --HOLE-- [fill = 0]
                  00006ce8    00000014     sysbios.aem4f : BIOS.obj (.text:pthread_attr_setschedparam)
                  00006cfc    00000014     rtsv7M4_T_le_v4SPD16_eabi.lib : strlen.c.obj (.text:strlen)
                  00006d10    00000014     release_pem4f.oem4f (.text:ti_sysbios_family_arm_m3_Hwi_Object__get__S)
                  00006d24    00000004     --HOLE-- [fill = 0]
                  00006d28    00000014     sysbios.aem4f : BIOS.obj (.text:ti_sysbios_family_arm_m3_Hwi_switchFromBootStack__E)
                  00006d3c    00000014     release_pem4f.oem4f (.text:ti_sysbios_heaps_HeapMem_Object__get__S)
                  00006d50    00000014     release_pem4f.oem4f (.text:ti_sysbios_knl_Swi_Object__get__S)
                  00006d64    00000012     drivers_msp432p401x.aem4f : RingBuf.oem4f (.text:RingBuf_construct)
                  00006d76    00000012     dpl_msp432p401x.aem4f : SemaphoreP_tirtos.oem4f (.text:SemaphoreP_pend)
                  00006d88    00000012     vl6180x.obj (.text:VL6180X_readRangeStatus)
                  00006d9a    00000006     drivers_msp432p401x.aem4f : I2CMSP432.oem4f (.text:I2CMSP432_control)
                  00006da0    00000012     sysbios.aem4f : BIOS.obj (.text:_pthread_cleanup_pop)
                  00006db2    00000006     --HOLE-- [fill = 0]
                  00006db8    00000012                   : BIOS.obj (.text:_pthread_runStub$43)
                  00006dca    00000006     --HOLE-- [fill = 0]
                  00006dd0    00000012                   : BIOS.obj (.text:ti_sysbios_hal_Hwi_Module_startup__E)
                  00006de2    00000012     release_pem4f.oem4f (.text:xdc_runtime_Startup_exec__I)
                  00006df4    00000010     dpl_msp432p401x.aem4f : HwiP_tirtos.oem4f (.text:HwiP_Params_init)
                  00006e04    00000010     drivers_msp432p401x.aem4f : I2C.oem4f (.text:I2C_Params_init)
                  00006e14    00000010     msp432p4xx_driverlib.lib : pcm.o (.text:PCM_gotoLPM4)
                  00006e24    00000010                              : pcm.o (.text:PCM_setPowerMode)
                  00006e34    00000010                              : pcm.o (.text:PCM_setPowerState)
                  00006e44    00000010     drivers_msp432p401x.aem4f : PowerMSP432.oem4f (.text:PowerMSP432_getNumPerfLevels)
                  00006e54    00000010     msp432p4xx_driverlib.lib : sysctl_a.o (.text:SysCtl_A_getNMISourceStatus)
                  00006e64    00000010                              : sysctl.o (.text:SysCtl_getNMISourceStatus)
                  00006e74    00000010     drivers_msp432p401x.aem4f : UARTMSP432.oem4f (.text:readBlockingTimeout)
                  00006e84    00000004     --HOLE-- [fill = 0]
                  00006e88    00000010     sysbios.aem4f : BIOS.obj (.text:ti_sysbios_BIOS_exit__E)
                  00006e98    00000010                   : BIOS.obj (.text:ti_sysbios_BIOS_setCpuFreq__E)
                  00006ea8    00000010                   : BIOS.obj (.text:ti_sysbios_BIOS_setThreadType__E)
                  00006eb8    00000010                   : BIOS.obj (.text:ti_sysbios_BIOS_start__E)
                  00006ec8    00000010                   : m3_TaskSupport_asm.obj (.text:ti_sysbios_family_arm_m3_TaskSupport_glue)
                  00006ed8    00000010                   : BIOS.obj (.text:ti_sysbios_family_arm_msp432_init_Boot_disableWatchdog)
                  00006ee8    00000010                   : BIOS.obj (.text:ti_sysbios_gates_GateMutex_Instance_finalize__E)
                  00006ef8    00000010     release_pem4f.oem4f (.text:ti_sysbios_knl_Mailbox_Object__get__S)
                  00006f08    00000010     sysbios.aem4f : BIOS.obj (.text:ti_sysbios_knl_Semaphore_Instance_finalize__E)
                  00006f18    00000010                   : BIOS.obj (.text:ti_sysbios_knl_Swi_disable__E)
                  00006f28    00000010     release_pem4f.oem4f (.text:ti_sysbios_knl_Task_Object__get__S)
                  00006f38    00000010     sysbios.aem4f : BIOS.obj (.text:ti_sysbios_knl_Task_disable__E)
                  00006f48    00000010                   : BIOS.obj (.text:xdc_runtime_Gate_leaveSystem__E)
                  00006f58    00000010                   : BIOS.obj (.text:xdc_runtime_Memory_free__E)
                  00006f68    00000010                   : BIOS.obj (.text:xdc_runtime_SysCallback_abort__E)
                  00006f78    00000010                   : BIOS.obj (.text:xdc_runtime_SysCallback_exit__E)
                  00006f88    00000010                   : BIOS.obj (.text:xdc_runtime_SysCallback_putch__E)
                  00006f98    00000010                   : BIOS.obj (.text:xdc_runtime_SysCallback_ready__E)
                  00006fa8    00000010                   : BIOS.obj (.text:xdc_runtime_System_vsnprintf__E)
                  00006fb8    0000000e     rtsv7M4_T_le_v4SPD16_eabi.lib : copy_decompress_none.c.obj (.text:decompress:none:__TI_decompress_none)
                  00006fc6    00000002     --HOLE-- [fill = 0]
                  00006fc8    0000000e     sysbios.aem4f : BIOS.obj (.text:pthread_attr_setdetachstate)
                  00006fd6    00000002     --HOLE-- [fill = 0]
                  00006fd8    0000000e                   : BIOS.obj (.text:ti_sysbios_knl_Idle_loop__E)
                  00006fe6    00000002     --HOLE-- [fill = 0]
                  00006fe8    0000000e                   : BIOS.obj (.text:ti_sysbios_knl_Queue_empty__E)
                  00006ff6    0000000c     ti_drivers_config.obj (.text:Board_init)
                  00007002    0000000c     msp432p4xx_driverlib.lib : cpu.o (.text:CPU_cpsid)
                  0000700e    0000000c                              : cpu.o (.text:CPU_cpsie)
                  0000701a    0000000c     dpl_msp432p401x.aem4f : ClockP_tirtos.oem4f (.text:ClockP_delete)
                  00007026    0000000c                           : HwiP_tirtos.oem4f (.text:HwiP_delete)
                  00007032    00000002     --HOLE-- [fill = 0]
                  00007034    0000000c     drivers_msp432p401x.aem4f : PowerMSP432.oem4f (.text:Power_getConstraintMask)
                  00007040    0000000c                               : PowerMSP432.oem4f (.text:Power_getPerformanceLevel)
                  0000704c    0000000c     dpl_msp432p401x.aem4f : SemaphoreP_tirtos.oem4f (.text:SemaphoreP_delete)
                  00007058    0000000c     rtsv7M4_T_le_v4SPD16_eabi.lib : _lock.c.obj (.text:_register_lock)
                  00007064    0000000c                                   : _lock.c.obj (.text:_register_unlock)
                  00007070    0000000c                                   : copy_zero_init.c.obj (.text:decompress:ZI:__TI_zero_init)
                  0000707c    00000004     --HOLE-- [fill = 0]
                  00007080    0000000c     sysbios.aem4f : BIOS.obj (.text:pthread_self)
                  0000708c    0000000c     release_pem4f.oem4f (.text:ti_sysbios_family_arm_m3_Hwi_Params__init__S)
                  00007098    0000000c     sysbios.aem4f : BIOS.obj (.text:ti_sysbios_family_arm_m3_Hwi_disableFxn__E)
                  000070a4    00000004     --HOLE-- [fill = 0]
                  000070a8    0000000c                   : BIOS.obj (.text:ti_sysbios_family_arm_m3_TaskSupport_getStackAlignment__E)
                  000070b4    00000004     --HOLE-- [fill = 0]
                  000070b8    0000000c                   : BIOS.obj (.text:ti_sysbios_family_arm_msp432_Timer_getMaxTicks__E)
                  000070c4    00000004     --HOLE-- [fill = 0]
                  000070c8    0000000c                   : BIOS.obj (.text:ti_sysbios_gates_GateHwi_enter__E)
                  000070d4    0000000c     release_pem4f.oem4f (.text:ti_sysbios_knl_Clock_Params__init__S)
                  000070e0    0000000c     release_pem4f.oem4f (.text:ti_sysbios_knl_Queue_Object__get__S)
                  000070ec    0000000c     release_pem4f.oem4f (.text:ti_sysbios_knl_Semaphore_Params__init__S)
                  000070f8    0000000c     release_pem4f.oem4f (.text:ti_sysbios_knl_Task_Params__init__S)
                  00007104    00000004     --HOLE-- [fill = 0]
                  00007108    0000000c     sysbios.aem4f : BIOS.obj (.text:ti_sysbios_rts_ti_ReentSupport_taskRegHook__I)
                  00007114    00000004     --HOLE-- [fill = 0]
                  00007118    0000000c                   : BIOS.obj (.text:xdc_runtime_Gate_enterSystem__E)
                  00007124    00000004     --HOLE-- [fill = 0]
                  00007128    0000000c                   : BIOS.obj (.text:xdc_runtime_Startup_rtsDone__E)
                  00007134    0000000a     dpl_msp432p401x.aem4f : ClockP_tirtos.oem4f (.text:ClockP_Params_init)
                  0000713e    0000000a     drivers_msp432p401x.aem4f : UART.oem4f (.text:UART_close)
                  00007148    0000000a                               : UART.oem4f (.text:UART_control)
                  00007152    0000000a                               : UART.oem4f (.text:UART_write)
                  0000715c    0000000a     release_pem4f.oem4f (.text:xdc_runtime_IHeap_alloc)
                  00007166    0000000a     release_pem4f.oem4f (.text:xdc_runtime_IHeap_free)
                  00007170    00000008     dpl_msp432p401x.aem4f : SemaphoreP_tirtos.oem4f (.text:SemaphoreP_Params_init)
                  00007178    00000008     drivers_msp432p401x.aem4f : I2CMSP432.oem4f (.text:blockingTransferCallback)
                  00007180    00000008     sysbios.aem4f : BIOS.obj (.text:pthread_attr_setstacksize)
                  00007188    00000008     drivers_msp432p401x.aem4f : UARTMSP432.oem4f (.text:readSemCallback)
                  00007190    00000008     sysbios.aem4f : BIOS.obj (.text:ti_sysbios_family_arm_m3_Hwi_doSwiRestore__I)
                  00007198    00000008                   : BIOS.obj (.text:ti_sysbios_family_arm_m3_Hwi_startup__E)
                  000071a0    00000008     drivers_msp432p401x.aem4f : UARTMSP432.oem4f (.text:txcptEnabledStatus)
                  000071a8    00000008                               : UARTMSP432.oem4f (.text:writeSemCallback)
                  000071b0    00000006     sysbios.aem4f : BIOS.obj (.text:ti_sysbios_family_arm_m3_Hwi_doTaskRestore__I)
                  000071b6    00000002     --HOLE-- [fill = 0]
                  000071b8    00000006                   : BIOS.obj (.text:ti_sysbios_family_arm_m3_Hwi_restoreFxn__E)
                  000071be    00000002     --HOLE-- [fill = 0]
                  000071c0    00000006                   : BIOS.obj (.text:ti_sysbios_gates_GateHwi_leave__E)
                  000071c6    00000002     --HOLE-- [fill = 0]
                  000071c8    00000006                   : BIOS.obj (.text:ti_sysbios_heaps_HeapMem_isBlocking__E)
                  000071ce    00000002     --HOLE-- [fill = 0]
                  000071d0    00000006                   : BIOS.obj (.text:ti_sysbios_knl_Clock_stop__E)
                  000071d6    00000002     --HOLE-- [fill = 0]
                  000071d8    00000006                   : BIOS.obj (.text:ti_sysbios_knl_Queue_Instance_init__E)
                  000071de    00000002     --HOLE-- [fill = 0]
                  000071e0    00000006                   : BIOS.obj (.text:ti_sysbios_knl_Swi_startup__E)
                  000071e6    00000002     --HOLE-- [fill = 0]
                  000071e8    00000006                   : BIOS.obj (.text:xdc_runtime_System_Module_startup__E)
                  000071ee    00000002     --HOLE-- [fill = 0]
                  000071f0    00000004                   : BIOS.obj (.text:ti_sysbios_gates_GateHwi_query__E)
                  000071f4    00000004     --HOLE-- [fill = 0]
                  000071f8    00000004                   : BIOS.obj (.text:ti_sysbios_gates_GateMutex_query__E)
                  000071fc    00000004     --HOLE-- [fill = 0]
                  00007200    00000004                   : BIOS.obj (.text:ti_sysbios_knl_Clock_setTimeout__E)
                  00007204    00000004     --HOLE-- [fill = 0]
                  00007208    00000004                   : BIOS.obj (.text:ti_sysbios_knl_Task_startup__E)
                  0000720c    00000004     --HOLE-- [fill = 0]
                  00007210    00000004                   : BIOS.obj (.text:xdc_runtime_SysCallback_defaultReady)
                  00007214    00000004     --HOLE-- [fill = 0]
                  00007218    00000002                   : BIOS.obj (.text:ti_sysbios_BIOS_linkedWithIncorrectBootLibrary__E)
                  0000721a    00000006     --HOLE-- [fill = 0]
                  00007220    00000002                   : BIOS.obj (.text:ti_sysbios_gates_GateHwi_Instance_init__E)
                  00007222    00000006     --HOLE-- [fill = 0]
                  00007228    00000002                   : BIOS.obj (.text:ti_sysbios_knl_Clock_logTick__E)
                  0000722a    00000006     --HOLE-- [fill = 0]
                  00007230    00000002                   : BIOS.obj (.text:xdc_runtime_SysCallback_defaultAbort)
                  00007232    00000006     --HOLE-- [fill = 0]
                  00007238    00000002                   : BIOS.obj (.text:xdc_runtime_SysCallback_defaultExit)
                  0000723a    00000006     --HOLE-- [fill = 0]
                  00007240    00000002                   : BIOS.obj (.text:xdc_runtime_SysCallback_defaultPutch)
                  00007242    00000006     --HOLE-- [fill = 0]
                  00007248    00000002                   : BIOS.obj (.text:xdc_runtime_System_abortSpin__E)
                  0000724a    00000006     --HOLE-- [fill = 0]
                  00007250    00000002                   : BIOS.obj (.text:xdc_runtime_System_exitSpin__E)

.const     0    00007254    000005f2     
                  00007254    00000040     ti_drivers_config.obj (.const:uartMSP432Baudrates)
                  00007294    0000003c     release_pem4f.oem4f (.const:ti_sysbios_knl_Task_Object__PARAMS__C)
                  000072d0    00000038     ti_drivers_config.obj (.const:PowerMSP432_config)
                  00007308    00000030     release_pem4f.oem4f (.const:ti_sysbios_family_arm_m3_Hwi_Object__PARAMS__C)
                  00007338    0000002c     ti_drivers_config.obj (.const:uartMSP432HWAttrs)
                  00007364    00000028     drivers_msp432p401x.aem4f : UARTMSP432.oem4f (.const:UARTMSP432_fxnTable)
                  0000738c    00000028     ti_drivers_config.obj (.const:i2cMSP432HWAttrs)
                  000073b4    00000028     release_pem4f.oem4f (.const:ti_sysbios_heaps_HeapMem_Module__FXNS__C)
                  000073dc    00000024     drivers_msp432p401x.aem4f : UART.oem4f (.const:UART_defaultParams)
                  00007400    00000024     release_pem4f.oem4f (.const:ti_sysbios_gates_GateHwi_Module__FXNS__C)
                  00007424    00000024     release_pem4f.oem4f (.const:ti_sysbios_gates_GateMutex_Module__FXNS__C)
                  00007448    00000024     release_pem4f.oem4f (.const:ti_sysbios_heaps_HeapMem_Object__PARAMS__C)
                  0000746c    00000024     release_pem4f.oem4f (.const:ti_sysbios_knl_Clock_Object__PARAMS__C)
                  00007490    00000024     release_pem4f.oem4f (.const:ti_sysbios_knl_Semaphore_Object__PARAMS__C)
                  000074b4    00000024     release_pem4f.oem4f (.const:xdc_runtime_Startup_sfxnTab__A)
                  000074d8    00000020     display.aem4f : DisplayUart.oem4f (.const:DisplayUartMin_fxnTable)
                  000074f8    00000020     drivers_msp432p401x.aem4f : UARTMSP432.oem4f (.const:staticFxnTable)
                  00007518    00000020     release_pem4f.oem4f (.const:ti_sysbios_family_arm_m3_Hwi_Object__DESC__C)
                  00007538    00000020     release_pem4f.oem4f (.const:ti_sysbios_gates_GateHwi_Object__DESC__C)
                  00007558    00000020     release_pem4f.oem4f (.const:ti_sysbios_gates_GateMutex_Object__DESC__C)
                  00007578    00000020     release_pem4f.oem4f (.const:ti_sysbios_heaps_HeapMem_Object__DESC__C)
                  00007598    00000020     release_pem4f.oem4f (.const:ti_sysbios_knl_Clock_Object__DESC__C)
                  000075b8    00000020     release_pem4f.oem4f (.const:ti_sysbios_knl_Queue_Object__DESC__C)
                  000075d8    00000020     release_pem4f.oem4f (.const:ti_sysbios_knl_Semaphore_Object__DESC__C)
                  000075f8    00000020     release_pem4f.oem4f (.const:ti_sysbios_knl_Task_Object__DESC__C)
                  00007618    00000018     drivers_msp432p401x.aem4f : I2CMSP432.oem4f (.const:I2CMSP432_fxnTable)
                  00007630    00000018     ti_drivers_config.obj (.const:I2C_config)
                  00007648    00000018     release_pem4f.oem4f (.const:ti_sysbios_gates_GateHwi_Object__PARAMS__C)
                  00007660    00000018     release_pem4f.oem4f (.const:ti_sysbios_gates_GateMutex_Object__PARAMS__C)
                  00007678    00000018     release_pem4f.oem4f (.const:ti_sysbios_knl_Queue_Object__PARAMS__C)
                  00007690    00000018     release_pem4f.oem4f (.const:ti_sysbios_knl_Task_hooks__A)
                  000076a8    00000014     ti_drivers_config.obj (.const:GPIOMSP432_config)
                  000076bc    00000014     ti_drivers_config.obj (.const:displayUartHWAttrs)
                  000076d0    00000012     release_pem4f.oem4f (.const:xdc_runtime_Startup_sfxnRts__A)
                  000076e2    00000002     release_pem4f.oem4f (.const:ti_sysbios_family_arm_m3_Hwi_Module__id__C)
                  000076e4    00000010     drivers_msp432p401x.aem4f : I2C.oem4f (.const:I2C_defaultParams)
                  000076f4    0000000c     ti_drivers_config.obj (.const:Display_config)
                  00007700    0000000c     ti_drivers_config.obj (.const:UART_config)
                  0000770c    0000000c     drivers_msp432p401x.aem4f : I2CMSP432.oem4f (.const:bitRates)
                  00007718    0000000c     release_pem4f.oem4f (.const:xdc_runtime_Startup_firstFxns__A)
                  00007724    00000008     release_pem4f.oem4f (.const:ti_sysbios_knl_Idle_funcList__A)
                  0000772c    00000008     release_pem4f.oem4f (.const:ti_sysbios_knl_Idle_funcList__C)
                  00007734    00000008     release_pem4f.oem4f (.const:ti_sysbios_knl_Task_hooks__C)
                  0000773c    00000008     release_pem4f.oem4f (.const:xdc_runtime_Startup_firstFxns__C)
                  00007744    00000008     release_pem4f.oem4f (.const:xdc_runtime_Startup_lastFxns__C)
                  0000774c    00000006     drivers_msp432p401x.aem4f : GPIOMSP432.oem4f (.const:.string:interruptType)
                  00007752    00000006                               : GPIOMSP432.oem4f (.const:.string:portInterruptIds)
                  00007758    00000005                               : UARTMSP432.oem4f (.const:.string:parityTypes)
                  0000775d    00000001     display.aem4f : Display.oem4f (.const:Display_defaultParams)
                  0000775e    00000004     drivers_msp432p401x.aem4f : UARTMSP432.oem4f (.const:stopBits)
                  00007762    00000002     release_pem4f.oem4f (.const:ti_sysbios_family_arm_msp432_init_Boot_bypassHFXT__C)
                  00007764    00000004     release_pem4f.oem4f (.const:ti_sysbios_family_arm_m3_Hwi_E_alreadyDefined__C)
                  00007768    00000004     release_pem4f.oem4f (.const:ti_sysbios_family_arm_m3_Hwi_E_badIntNum__C)
                  0000776c    00000004     release_pem4f.oem4f (.const:ti_sysbios_family_arm_m3_Hwi_NUM_INTERRUPTS__C)
                  00007770    00000004     release_pem4f.oem4f (.const:ti_sysbios_family_arm_m3_Hwi_Object__count__C)
                  00007774    00000004     release_pem4f.oem4f (.const:ti_sysbios_family_arm_m3_Hwi_ccr__C)
                  00007778    00000004     release_pem4f.oem4f (.const:ti_sysbios_family_arm_m3_Hwi_excHandlerFunc__C)
                  0000777c    00000004     release_pem4f.oem4f (.const:ti_sysbios_family_arm_m3_Hwi_nullIsrFunc__C)
                  00007780    00000004     release_pem4f.oem4f (.const:ti_sysbios_family_arm_m3_Hwi_priGroup__C)
                  00007784    00000004     release_pem4f.oem4f (.const:ti_sysbios_family_arm_m3_Hwi_swiDisable__C)
                  00007788    00000004     release_pem4f.oem4f (.const:ti_sysbios_family_arm_m3_Hwi_swiRestore__C)
                  0000778c    00000004     release_pem4f.oem4f (.const:ti_sysbios_family_arm_m3_TaskSupport_stackAlignment__C)
                  00007790    00000004     release_pem4f.oem4f (.const:ti_sysbios_family_arm_msp432_Timer_numTimerDevices__C)
                  00007794    00000004     release_pem4f.oem4f (.const:ti_sysbios_family_arm_msp432_Timer_startupNeeded__C)
                  00007798    00000004     release_pem4f.oem4f (.const:ti_sysbios_gates_GateMutex_Instance_State_sem__O)
                  0000779c    00000004     release_pem4f.oem4f (.const:ti_sysbios_heaps_HeapMem_E_memory__C)
                  000077a0    00000004     release_pem4f.oem4f (.const:ti_sysbios_heaps_HeapMem_Module__gateObj__C)
                  000077a4    00000004     release_pem4f.oem4f (.const:ti_sysbios_heaps_HeapMem_Object__count__C)
                  000077a8    00000004     release_pem4f.oem4f (.const:ti_sysbios_heaps_HeapMem_primaryHeapBaseAddr__C)
                  000077ac    00000004     release_pem4f.oem4f (.const:ti_sysbios_heaps_HeapMem_primaryHeapEndAddr__C)
                  000077b0    00000004     release_pem4f.oem4f (.const:ti_sysbios_heaps_HeapMem_reqAlign__C)
                  000077b4    00000004     release_pem4f.oem4f (.const:ti_sysbios_knl_Clock_Module_State_clockQ__O)
                  000077b8    00000004     release_pem4f.oem4f (.const:ti_sysbios_knl_Clock_tickPeriod__C)
                  000077bc    00000004     release_pem4f.oem4f (.const:ti_sysbios_knl_Mailbox_Instance_State_freeQue__O)
                  000077c0    00000004     release_pem4f.oem4f (.const:ti_sysbios_knl_Mailbox_Object__count__C)
                  000077c4    00000004     release_pem4f.oem4f (.const:ti_sysbios_knl_Mailbox_maxTypeAlign__C)
                  000077c8    00000004     release_pem4f.oem4f (.const:ti_sysbios_knl_Semaphore_Instance_State_pendQ__O)
                  000077cc    00000004     release_pem4f.oem4f (.const:ti_sysbios_knl_Swi_Object__count__C)
                  000077d0    00000004     release_pem4f.oem4f (.const:ti_sysbios_knl_Task_Module_State_inactiveQ__O)
                  000077d4    00000004     release_pem4f.oem4f (.const:ti_sysbios_knl_Task_Object__count__C)
                  000077d8    00000004     release_pem4f.oem4f (.const:ti_sysbios_knl_Task_Object__heap__C)
                  000077dc    00000004     release_pem4f.oem4f (.const:ti_sysbios_knl_Task_allBlockedFunc__C)
                  000077e0    00000004     release_pem4f.oem4f (.const:ti_sysbios_knl_Task_defaultStackHeap__C)
                  000077e4    00000004     release_pem4f.oem4f (.const:ti_sysbios_knl_Task_defaultStackSize__C)
                  000077e8    00000004     release_pem4f.oem4f (.const:ti_sysbios_knl_Task_numConstructedTasks__C)
                  000077ec    00000004     release_pem4f.oem4f (.const:xdc_runtime_Error_E_memory__C)
                  000077f0    00000004     release_pem4f.oem4f (.const:xdc_runtime_Error_policyFxn__C)
                  000077f4    00000004     release_pem4f.oem4f (.const:xdc_runtime_IGateProvider_Interface__BASE__C)
                  000077f8    00000004     release_pem4f.oem4f (.const:xdc_runtime_IHeap_Interface__BASE__C)
                  000077fc    00000004     release_pem4f.oem4f (.const:xdc_runtime_IModule_Interface__BASE__C)
                  00007800    00000004     release_pem4f.oem4f (.const:xdc_runtime_Memory_defaultHeapInstance__C)
                  00007804    00000004     release_pem4f.oem4f (.const:xdc_runtime_Startup_execImpl__C)
                  00007808    00000004     release_pem4f.oem4f (.const:xdc_runtime_Startup_maxPasses__C)
                  0000780c    00000004     release_pem4f.oem4f (.const:xdc_runtime_Startup_sfxnRts__C)
                  00007810    00000004     release_pem4f.oem4f (.const:xdc_runtime_Startup_sfxnTab__C)
                  00007814    00000004     release_pem4f.oem4f (.const:xdc_runtime_SysCallback_abortFxn__C)
                  00007818    00000004     release_pem4f.oem4f (.const:xdc_runtime_SysCallback_exitFxn__C)
                  0000781c    00000004     release_pem4f.oem4f (.const:xdc_runtime_SysCallback_putchFxn__C)
                  00007820    00000004     release_pem4f.oem4f (.const:xdc_runtime_SysCallback_readyFxn__C)
                  00007824    00000004     release_pem4f.oem4f (.const:xdc_runtime_System_Module__gateObj__C)
                  00007828    00000004     release_pem4f.oem4f (.const:xdc_runtime_System_abortFxn__C)
                  0000782c    00000004     release_pem4f.oem4f (.const:xdc_runtime_System_exitFxn__C)
                  00007830    00000004     release_pem4f.oem4f (.const:xdc_runtime_System_extendFxn__C)
                  00007834    00000004     release_pem4f.oem4f (.const:xdc_runtime_System_maxAtexitHandlers__C)
                  00007838    00000003     ti_drivers_config.obj (.const)
                  0000783b    00000001     release_pem4f.oem4f (.const:xdc_runtime_Error_policy__C)
                  0000783c    00000002     release_pem4f.oem4f (.const:ti_sysbios_family_arm_msp432_init_Boot_bypassLFXT__C)
                  0000783e    00000002     release_pem4f.oem4f (.const:ti_sysbios_family_arm_msp432_init_Boot_enableHFXT__C)
                  00007840    00000002     release_pem4f.oem4f (.const:ti_sysbios_family_arm_msp432_init_Boot_enableLFXT__C)
                  00007842    00000002     release_pem4f.oem4f (.const:ti_sysbios_heaps_HeapMem_Module__id__C)
                  00007844    00000002     release_pem4f.oem4f (.const:xdc_runtime_Memory_Module__id__C)

.cinit     0    00007848    00000240     
                  00007848    0000021b     (.cinit..data.load) [load image, compression = lzss]
                  00007a63    00000001     --HOLE-- [fill = 0]
                  00007a64    0000000c     (__TI_handler_table)
                  00007a70    00000008     (.cinit..bss.load) [load image, compression = zero_init]
                  00007a78    00000010     (__TI_cinit_table)

.init_array 
*          0    00000000    00000000     UNINITIALIZED

.bss       0    20008140    00000920     UNINITIALIZED
                  20008140    00000400     ti_drivers_config.obj (.bss:displayUARTBuffer)
                  20008540    00000200     release_pem4f.oem4f (.bss:taskStackSection)
                  20008740    00000140     (.common:ti_sysbios_family_arm_m3_Hwi_dispatchTable)
                  20008880    000000a0     (.common:i2cMSP432Objects)
                  20008920    00000080     (.common:uartMSP432Objects)
                  200089a0    00000030     drivers_msp432p401x.aem4f : GPIOMSP432.oem4f (.bss:gpioCallbackInfo)
                  200089d0    00000020     ti_drivers_config.obj (.bss:uartMSP432RingBuffer0)
                  200089f0    0000001c     (.common:i2cTransaction)
                  20008a0c    00000010     (.common:i2cParams)
                  20008a1c    0000000c     (.common:displayUartObject)
                  20008a28    0000000c     (.common:readBuffer)
                  20008a34    0000000c     (.common:writeBuffer)
                  20008a40    00000008     msp432p4xx_driverlib.lib : cs.o (.bss)
                  20008a48    00000004     drivers_msp432p401x.aem4f : GPIOMSP432.oem4f (.bss)
                  20008a4c    00000004     vl6180x.obj (.bss)
                  20008a50    00000004     (.common:ClockP_tickPeriod)
                  20008a54    00000004     (.common:i2c0)
                  20008a58    00000004     (.common:i2c1)
                  20008a5c    00000004     (.common:ti_sysbios_knl_Task_Instance_State_0_hookEnv__A)

.data      0    20008a60    00000627     UNINITIALIZED
                  20008a60    00000140     drivers_msp432p401x.aem4f : PowerMSP432.oem4f (.data:PowerMSP432_perfLevels)
                  20008ba0    00000088     sysbios.aem4f : BIOS.obj (.data:$O1$$)
                  20008c28    00000080     release_pem4f.oem4f (.data:ti_sysbios_knl_Swi_Module_State_0_readyQ__A)
                  20008ca8    00000080     release_pem4f.oem4f (.data:ti_sysbios_knl_Task_Module_State_0_readyQ__A)
                  20008d28    00000054     release_pem4f.oem4f (.data:ti_sysbios_gates_GateMutex_Object__table__V)
                  20008d7c    0000004c     release_pem4f.oem4f (.data:ti_sysbios_knl_Task_Object__table__V)
                  20008dc8    00000044     release_pem4f.oem4f (.data:ti_sysbios_family_arm_msp432_Timer_Object__table__V)
                  20008e0c    00000044     release_pem4f.oem4f (.data:ti_sysbios_knl_Task_Module__state__V)
                  20008e50    00000034     release_pem4f.oem4f (.data:ti_sysbios_family_arm_m3_Hwi_Module__state__V)
                  20008e84    00000030     release_pem4f.oem4f (.data:ti_sysbios_knl_Swi_Object__table__V)
                  20008eb4    0000002c     drivers_msp432p401x.aem4f : PowerMSP432.oem4f (.data:PowerMSP432_module)
                  20008ee0    0000002c     release_pem4f.oem4f (.data:ti_sysbios_knl_Clock_Module__state__V)
                  20008f0c    00000024     release_pem4f.oem4f (.data:ti_sysbios_BIOS_Module__state__V)
                  20008f30    00000020     release_pem4f.oem4f (.data:ti_sysbios_family_arm_msp432_Timer_Module_State_0_device__A)
                  20008f50    00000020     release_pem4f.oem4f (.data:xdc_runtime_Error_IgnoreBlock)
                  20008f70    0000001c     release_pem4f.oem4f (.data:ti_sysbios_knl_Swi_Module__state__V)
                  20008f8c    00000018     release_pem4f.oem4f (.data:ti_sysbios_family_arm_m3_Hwi_Object__table__V)
                  20008fa4    00000018     release_pem4f.oem4f (.data:ti_sysbios_heaps_HeapMem_Object__table__V)
                  20008fbc    00000010     ti_drivers_config.obj (.data:gpioCallbackFunctions)
                  20008fcc    00000010     ti_drivers_config.obj (.data:gpioPinConfigs)
                  20008fdc    00000010     release_pem4f.oem4f (.data:ti_sysbios_family_arm_msp432_Timer_Module_State_0_handles__A)
                  20008fec    0000000c     release_pem4f.oem4f (.data:ti_sysbios_family_arm_msp432_ClockFreqs_Module__state__V)
                  20008ff8    0000000c     release_pem4f.oem4f (.data:ti_sysbios_family_arm_msp432_Timer_Module__state__V)
                  20009004    00000008     rtsv7M4_T_le_v4SPD16_eabi.lib : _lock.c.obj (.data:$O1$$)
                  2000900c    00000008     release_pem4f.oem4f (.data:ti_sysbios_family_arm_m3_Hwi_Module__root__V)
                  20009014    00000008     release_pem4f.oem4f (.data:ti_sysbios_gates_GateHwi_Module__root__V)
                  2000901c    00000008     release_pem4f.oem4f (.data:ti_sysbios_gates_GateMutex_Module__root__V)
                  20009024    00000008     release_pem4f.oem4f (.data:ti_sysbios_heaps_HeapMem_Module__root__V)
                  2000902c    00000008     release_pem4f.oem4f (.data:ti_sysbios_knl_Clock_Module__root__V)
                  20009034    00000008     release_pem4f.oem4f (.data:ti_sysbios_knl_Queue_Module__root__V)
                  2000903c    00000008     release_pem4f.oem4f (.data:ti_sysbios_knl_Semaphore_Module__root__V)
                  20009044    00000008     release_pem4f.oem4f (.data:ti_sysbios_knl_Task_Module__root__V)
                  2000904c    00000008     release_pem4f.oem4f (.data:xdc_runtime_Startup_Module__state__V)
                  20009054    00000008     release_pem4f.oem4f (.data:xdc_runtime_System_Module_State_0_atexitHandlers__A)
                  2000905c    00000008     release_pem4f.oem4f (.data:xdc_runtime_System_Module__state__V)
                  20009064    00000004     rtsv7M4_T_le_v4SPD16_eabi.lib : stkdepth_vars.c.obj (.data)
                  20009068    00000004     release_pem4f.oem4f (.data:ti_sysbios_family_arm_m3_Hwi_Module_State_0_excContext__A)
                  2000906c    00000004     release_pem4f.oem4f (.data:ti_sysbios_family_arm_m3_Hwi_Module_State_0_excStack__A)
                  20009070    00000004     release_pem4f.oem4f (.data:ti_sysbios_gates_GateHwi_Object__table__V)
                  20009074    00000004     release_pem4f.oem4f (.data:ti_sysbios_knl_Task_Module_State_0_idleTask__A)
                  20009078    00000004     release_pem4f.oem4f (.data:ti_sysbios_rts_ti_ReentSupport_Module__state__V)
                  2000907c    00000004     release_pem4f.oem4f (.data:xdc_runtime_Memory_Module__state__V)
                  20009080    00000002     drivers_msp432p401x.aem4f : GPIOMSP432.oem4f (.data)
                  20009082    00000002     release_pem4f.oem4f (.data:ti_sysbios_family_arm_m3_Hwi_Module_State_0_excActive__A)
                  20009084    00000001     drivers_msp432p401x.aem4f : I2C.oem4f (.data)
                  20009085    00000001                               : UART.oem4f (.data)
                  20009086    00000001     vl6180x.obj (.data)

.priheap   0    20000140    00008000     UNINITIALIZED
                  20000140    00008000     --HOLE--

.stack     0    2000fc00    00000400     UNINITIALIZED
                  2000fc00    00000400     --HOLE--

.bootVecs 
*          0    00000000    00000008     DSECT
                  00000000    00000008     boot.aem4f : boot.oem4f (.bootVecs)

.resetVecs 
*          0    00000000    0000003c     
                  00000000    0000003c     release_pem4f.oem4f (.resetVecs)

.vecs      0    20000000    00000140     NOLOAD SECTION
                  20000000    00000140     release_pem4f.oem4f (.vecs)

xdc.meta   0    00000000    000000fe     COPY SECTION
                  00000000    000000fe     release_pem4f.oem4f (xdc.meta)

xdc.noload 
*          0    00000000    00000000     COPY SECTION

__llvm_prf_cnts 
*          0    20000000    00000000     UNINITIALIZED

.binit     0    00000000    00000000     

MODULE SUMMARY

       Module                       code    ro data   rw data
       ------                       ----    -------   -------
    .\
       vl6180x.obj                  1752    0         162    
       main_tirtos.obj              100     0         0      
    +--+----------------------------+-------+---------+---------+
       Total:                       1852    0         162    
                                                             
    .\syscfg\
       ti_drivers_config.obj        14      295       2776   
    +--+----------------------------+-------+---------+---------+
       Total:                       14      295       2776   
                                                             
    C:\Users\SEbad\workspace_v10\tirtos_builds_MSP_EXP432P401R_release_ccs\Debug\configPkg\package\cfg\
       release_pem4f.oem4f          1934    1073      4364   
    +--+----------------------------+-------+---------+---------+
       Total:                       1934    1073      4364   
                                                             
    C:/ti/simplelink_msp432p4_sdk_3_40_01_02/kernel/tirtos/packages/ti/dpl/lib/dpl_msp432p401x.aem4f
       SemaphoreP_tirtos.oem4f      146     0         0      
       ClockP_tirtos.oem4f          114     0         8      
       PowerMSP432_tirtos.oem4f     122     0         0      
       HwiP_tirtos.oem4f            96      0         0      
       SystemP_tirtos.oem4f         4       0         0      
    +--+----------------------------+-------+---------+---------+
       Total:                       482     0         8      
                                                             
    C:/ti/simplelink_msp432p4_sdk_3_40_01_02/source/ti/devices/msp432p4xx/driverlib/ccs/msp432p4xx_driverlib.lib
       pcm.o                        1770    0         0      
       cs.o                         704     0         16     
       uart.o                       284     0         0      
       i2c.o                        108     0         0      
       sysctl_a.o                   64      0         0      
       rtc_c.o                      44      0         0      
       wdt_a.o                      36      0         0      
       cpu.o                        28      0         0      
       sysctl.o                     16      0         0      
    +--+----------------------------+-------+---------+---------+
       Total:                       3054    0         16     
                                                             
    C:/ti/simplelink_msp432p4_sdk_3_40_01_02/source/ti/display/lib/display.aem4f
       DisplayUart.oem4f            184     32        0      
       Display.oem4f                174     1         0      
    +--+----------------------------+-------+---------+---------+
       Total:                       358     33        0      
                                                             
    C:/ti/simplelink_msp432p4_sdk_3_40_01_02/source/ti/drivers/lib/drivers_msp432p401x.aem4f
       UARTMSP432.oem4f             3406    81        0      
       PowerMSP432.oem4f            2196    0         728    
       I2CMSP432.oem4f              2028    36        0      
       GPIOMSP432.oem4f             740     12        108    
       UART.oem4f                   186     36        2      
       I2C.oem4f                    172     16        2      
       RingBuf.oem4f                184     0         0      
       List.oem4f                   76      0         0      
    +--+----------------------------+-------+---------+---------+
       Total:                       8988    181       840    
                                                             
    C:\Users\SEbad\workspace_v10\tirtos_builds_MSP_EXP432P401R_release_ccs\src\sysbios\sysbios.aem4f
       BIOS.obj                     9591    0         272    
       m3_Hwi_asm.obj               318     0         0      
       m3_TaskSupport_asm.obj       180     0         0      
       m3_Hwi_asm_switch.obj        118     0         0      
    +--+----------------------------+-------+---------+---------+
       Total:                       10207   0         272    
                                                             
    C:\ti\ccs1020\ccs\tools\compiler\ti-cgt-arm_20.2.2.LTS\lib\rtsv7M4_T_le_v4SPD16_eabi.lib
       fd_add_t2.asm.obj            438     0         0      
       fd_cmp_t2.asm.obj            268     0         0      
       fd_mul_t2.asm.obj            252     0         0      
       memcpy_t2.asm.obj            156     0         0      
       memset_t2.asm.obj            122     0         0      
       copy_decompress_lzss.c.obj   104     0         0      
       cpy_tbl.c.obj                76      0         0      
       fd_toi_t2.asm.obj            72      0         0      
       fd_tou_t2.asm.obj            68      0         0      
       u_divt2.asm.obj              64      0         0      
       fs_tod_t2.asm.obj            56      0         0      
       i_tofd_t2.asm.obj            46      0         0      
       _lock.c.obj                  26      0         16     
       args_main.c.obj              24      0         0      
       strlen.c.obj                 20      0         0      
       copy_decompress_none.c.obj   14      0         0      
       copy_zero_init.c.obj         12      0         0      
       stkdepth_vars.c.obj          0       0         8      
       div0.asm.obj                 2       0         0      
    +--+----------------------------+-------+---------+---------+
       Total:                       1820    0         24     
                                                             
    C:\ti\simplelink_msp432p4_sdk_3_40_01_02\kernel\tirtos\packages\ti\targets\arm\rtsarm\lib\auto_init.aem4f
       auto_init.oem4f              160     0         0      
    +--+----------------------------+-------+---------+---------+
       Total:                       160     0         0      
                                                             
    C:\ti\simplelink_msp432p4_sdk_3_40_01_02\kernel\tirtos\packages\ti\targets\arm\rtsarm\lib\boot.aem4f
       boot.oem4f                   88      0         0      
    +--+----------------------------+-------+---------+---------+
       Total:                       88      0         0      
                                                             
       Stack:                       0       0         2048   
       Linker Generated:            0       575       0      
    +--+----------------------------+-------+---------+---------+
       Grand Total:                 28957   2157      10510  


LINKER GENERATED COPY TABLES

__TI_cinit_table @ 00007a78 records: 2, size/record: 8, table size: 16
	.data: load addr=00007848, load size=0000021b bytes, run addr=20008a60, run size=00000627 bytes, compression=lzss
	.bss: load addr=00007a70, load size=00000008 bytes, run addr=20008140, run size=00000920 bytes, compression=zero_init


LINKER GENERATED HANDLER TABLE

__TI_handler_table @ 00007a64 records: 3, size/record: 4, table size: 12
	index: 0, handler: __TI_decompress_lzss
	index: 1, handler: __TI_decompress_none
	index: 2, handler: __TI_zero_init


GLOBAL SYMBOLS: SORTED ALPHABETICALLY BY Name 

address   name                                                            
-------   ----                                                            
00006ff7  Board_init                                                      
00000f8b  Board_initHook                                                  
00007003  CPU_cpsid                                                       
0000700f  CPU_cpsie                                                       
00002b15  CPU_wfi                                                         
000068ad  CS_setExternalClockSourceFrequency                              
00002951  CS_startHFXTWithTimeout                                         
00002a35  CS_startLFXTWithTimeout                                         
00007135  ClockP_Params_init                                              
000051cd  ClockP_create                                                   
0000701b  ClockP_delete                                                   
000030bd  ClockP_setTimeout                                               
000039fd  ClockP_start                                                    
00003a95  ClockP_stop                                                     
20008a50  ClockP_tickPeriod                                               
000015c3  DisplayUartMin_clear                                            
00002f4b  DisplayUartMin_clearLines                                       
00006c61  DisplayUartMin_close                                            
00003633  DisplayUartMin_control                                          
000074d8  DisplayUartMin_fxnTable                                         
00005f6b  DisplayUartMin_getType                                          
0000413f  DisplayUartMin_init                                             
00005585  DisplayUartMin_open                                             
00005781  DisplayUartMin_vprintf                                          
000076f4  Display_config                                                  
00007838  Display_count                                                   
0000775d  Display_defaultParams                                           
000064ed  Display_doInit                                                  
00004d99  Display_doOpen                                                  
000064c1  Display_doPrintf                                                
000076a8  GPIOMSP432_config                                               
000048d5  GPIO_hwiIntFxn                                                  
000032e1  GPIO_init                                                       
00004c15  GPIO_setCallback                                                
000018d1  GPIO_setConfig                                                  
00008000  HEAPSIZE                                                        
00006df5  HwiP_Params_init                                                
000059f1  HwiP_create                                                     
00007027  HwiP_delete                                                     
00003b2d  HwiP_disable                                                    
000071b9  HwiP_restore                                                    
0000338d  I2CMSP432_cancel                                                
000044d3  I2CMSP432_close                                                 
00006d9b  I2CMSP432_control                                               
00007618  I2CMSP432_fxnTable                                              
0000174d  I2CMSP432_hwiIntFxn                                             
000045bf  I2CMSP432_init                                                  
00001215  I2CMSP432_open                                                  
00002681  I2CMSP432_transfer                                              
00006e05  I2C_Params_init                                                 
00007630  I2C_config                                                      
00007839  I2C_count                                                       
000076e4  I2C_defaultParams                                               
0000580d  I2C_init                                                        
000047f9  I2C_masterSendMultiByteFinish                                   
[...]
00006f49  xdc_runtime_Gate_leaveSystem__E                                 
00006f59  xdc_runtime_Memory_free__E                                      
00006f69  xdc_runtime_SysCallback_abort__E                                
00006f69  xdc_runtime_System_SupportProxy_abort__E                        
00006f79  xdc_runtime_SysCallback_exit__E                                 
00006f79  xdc_runtime_System_SupportProxy_exit__E                         
00006f89  xdc_runtime_SysCallback_putch__E                                
00006f89  xdc_runtime_System_SupportProxy_putch__E                        
00006f99  xdc_runtime_SysCallback_ready__E                                
00006f99  xdc_runtime_System_SupportProxy_ready__E                        
00006fa9  xdc_runtime_System_vsnprintf__E                                 
00006fb9  __TI_decompress_none                                            
00006fc9  pthread_attr_setdetachstate                                     
00006fd9  ti_sysbios_knl_Idle_loop__E                                     
00006fe9  ti_sysbios_knl_Queue_empty__E                                   
00006ff7  Board_init                                                      
00007003  CPU_cpsid                                                       
0000700f  CPU_cpsie                                                       
0000701b  ClockP_delete                                                   
00007027  HwiP_delete                                                     
00007035  Power_getConstraintMask                                         
00007041  Power_getPerformanceLevel                                       
0000704d  SemaphoreP_delete                                               
00007059  _register_lock                                                  
00007065  _register_unlock                                                
00007071  __TI_zero_init                                                  
00007081  pthread_self                                                    
0000708d  ti_sysbios_family_arm_m3_Hwi_Params__init__S                    
0000708d  ti_sysbios_hal_Hwi_HwiProxy_Params__init__S                     
00007099  ti_sysbios_family_arm_m3_Hwi_disableFxn__E                      
00007099  ti_sysbios_hal_Hwi_HwiProxy_disable__E                          
000070a9  ti_sysbios_family_arm_m3_TaskSupport_getStackAlignment__E       
000070a9  ti_sysbios_knl_Task_SupportProxy_getStackAlignment__E           
000070b9  ti_sysbios_family_arm_msp432_Timer_getMaxTicks__E               
000070c9  ti_sysbios_gates_GateHwi_enter__E                               
000070d5  ti_sysbios_knl_Clock_Params__init__S                            
000070e1  ti_sysbios_knl_Queue_Object__get__S                             
000070ed  ti_sysbios_knl_Semaphore_Params__init__S                        
000070f9  ti_sysbios_knl_Task_Params__init__S                             
00007109  ti_sysbios_rts_ti_ReentSupport_taskRegHook__I                   
00007119  xdc_runtime_Gate_enterSystem__E                                 
00007129  xdc_runtime_Startup_rtsDone__E                                  
00007135  ClockP_Params_init                                              
0000713f  UART_close                                                      
00007149  UART_control                                                    
00007153  UART_write                                                      
0000715d  xdc_runtime_Memory_HeapProxy_alloc__E                           
00007167  xdc_runtime_Memory_HeapProxy_free__E                            
00007171  SemaphoreP_Params_init                                          
00007181  pthread_attr_setstacksize                                       
00007191  ti_sysbios_family_arm_m3_Hwi_doSwiRestore__I                    
00007199  ti_sysbios_family_arm_m3_Hwi_startup__E                         
00007199  ti_sysbios_hal_Hwi_HwiProxy_startup__E                          
00007199  ti_sysbios_hal_Hwi_startup__E                                   
000071b1  ti_sysbios_family_arm_m3_Hwi_doTaskRestore__I                   
000071b9  HwiP_restore                                                    
000071b9  ti_sysbios_family_arm_m3_Hwi_restoreFxn__E                      
000071b9  ti_sysbios_hal_Hwi_HwiProxy_restore__E                          
000071c1  ti_sysbios_gates_GateHwi_leave__E                               
000071c9  ti_sysbios_heaps_HeapMem_isBlocking__E                          
000071d1  ti_sysbios_knl_Clock_stop__E                                    
000071d9  ti_sysbios_knl_Queue_Instance_init__E                           
000071e1  ti_sysbios_knl_Swi_startup__E                                   
000071e9  xdc_runtime_System_Module_startup__E                            
000071f1  ti_sysbios_gates_GateHwi_query__E                               
000071f1  xdc_runtime_Main_Module_GateProxy_query__E                      
000071f1  xdc_runtime_System_Module_GateProxy_query__E                    
000071f9  ti_sysbios_BIOS_RtsGateProxy_query__E                           
000071f9  ti_sysbios_gates_GateMutex_query__E                             
000071f9  ti_sysbios_heaps_HeapMem_Module_GateProxy_query__E              
00007201  ti_sysbios_knl_Clock_setTimeout__E                              
00007209  ti_sysbios_knl_Task_startup__E                                  
00007211  xdc_runtime_SysCallback_defaultReady                            
00007219  ti_sysbios_BIOS_linkedWithIncorrectBootLibrary__E               
00007221  ti_sysbios_gates_GateHwi_Instance_init__E                       
00007229  ti_sysbios_knl_Clock_logTick__E                                 
00007231  xdc_runtime_SysCallback_defaultAbort                            
00007239  xdc_runtime_SysCallback_defaultExit                             
00007241  xdc_runtime_SysCallback_defaultPutch                            
00007249  xdc_runtime_System_abortSpin__E                                 
00007251  xdc_runtime_System_exitSpin__E                                  
00007294  ti_sysbios_knl_Task_Object__PARAMS__C                           
000072d0  PowerMSP432_config                                              
00007308  ti_sysbios_family_arm_m3_Hwi_Object__PARAMS__C                  
00007364  UARTMSP432_fxnTable                                             
0000738c  i2cMSP432HWAttrs                                                
000073b4  ti_sysbios_heaps_HeapMem_Module__FXNS__C                        
000073dc  UART_defaultParams                                              
00007400  ti_sysbios_gates_GateHwi_Module__FXNS__C                        
00007424  ti_sysbios_gates_GateMutex_Module__FXNS__C                      
00007448  ti_sysbios_heaps_HeapMem_Object__PARAMS__C                      
0000746c  ti_sysbios_knl_Clock_Object__PARAMS__C                          
00007490  ti_sysbios_knl_Semaphore_Object__PARAMS__C                      
000074b4  xdc_runtime_Startup_sfxnTab__A                                  
000074d8  DisplayUartMin_fxnTable                                         
00007518  ti_sysbios_family_arm_m3_Hwi_Object__DESC__C                    
00007538  ti_sysbios_gates_GateHwi_Object__DESC__C                        
00007558  ti_sysbios_gates_GateMutex_Object__DESC__C                      
00007578  ti_sysbios_heaps_HeapMem_Object__DESC__C                        
00007598  ti_sysbios_knl_Clock_Object__DESC__C                            
000075b8  ti_sysbios_knl_Queue_Object__DESC__C                            
000075d8  ti_sysbios_knl_Semaphore_Object__DESC__C                        
000075f8  ti_sysbios_knl_Task_Object__DESC__C                             
00007618  I2CMSP432_fxnTable                                              
00007630  I2C_config                                                      
00007648  ti_sysbios_gates_GateHwi_Object__PARAMS__C                      
00007660  ti_sysbios_gates_GateMutex_Object__PARAMS__C                    
00007678  ti_sysbios_knl_Queue_Object__PARAMS__C                          
00007690  ti_sysbios_knl_Task_hooks__A                                    
000076a8  GPIOMSP432_config                                               
000076bc  displayUartHWAttrs                                              
000076d0  xdc_runtime_Startup_sfxnRts__A                                  
000076e2  ti_sysbios_family_arm_m3_Hwi_Module__id__C                      
000076e4  I2C_defaultParams                                               
000076f4  Display_config                                                  
00007700  UART_config                                                     
00007718  xdc_runtime_Startup_firstFxns__A                                
00007724  ti_sysbios_knl_Idle_funcList__A                                 
0000772c  ti_sysbios_knl_Idle_funcList__C                                 
00007734  ti_sysbios_knl_Task_hooks__C                                    
0000773c  xdc_runtime_Startup_firstFxns__C                                
00007744  xdc_runtime_Startup_lastFxns__C                                 
0000775d  Display_defaultParams                                           
00007762  ti_sysbios_family_arm_msp432_init_Boot_bypassHFXT__C            
00007764  ti_sysbios_family_arm_m3_Hwi_E_alreadyDefined__C                
00007768  ti_sysbios_family_arm_m3_Hwi_E_badIntNum__C                     
0000776c  ti_sysbios_family_arm_m3_Hwi_NUM_INTERRUPTS__C                  
00007770  ti_sysbios_family_arm_m3_Hwi_Object__count__C                   
00007774  ti_sysbios_family_arm_m3_Hwi_ccr__C                             
00007778  ti_sysbios_family_arm_m3_Hwi_excHandlerFunc__C                  
0000777c  ti_sysbios_family_arm_m3_Hwi_nullIsrFunc__C                     
00007780  ti_sysbios_family_arm_m3_Hwi_priGroup__C                        
00007784  ti_sysbios_family_arm_m3_Hwi_swiDisable__C                      
00007788  ti_sysbios_family_arm_m3_Hwi_swiRestore__C                      
0000778c  ti_sysbios_family_arm_m3_TaskSupport_stackAlignment__C          
00007790  ti_sysbios_family_arm_msp432_Timer_numTimerDevices__C           
00007794  ti_sysbios_family_arm_msp432_Timer_startupNeeded__C             
00007798  ti_sysbios_gates_GateMutex_Instance_State_sem__O                
0000779c  ti_sysbios_heaps_HeapMem_E_memory__C                            
000077a0  ti_sysbios_heaps_HeapMem_Module__gateObj__C                     
000077a4  ti_sysbios_heaps_HeapMem_Object__count__C                       
000077a8  ti_sysbios_heaps_HeapMem_primaryHeapBaseAddr__C                 
000077ac  ti_sysbios_heaps_HeapMem_primaryHeapEndAddr__C                  
000077b0  ti_sysbios_heaps_HeapMem_reqAlign__C                            
000077b4  ti_sysbios_knl_Clock_Module_State_clockQ__O                     
000077b8  ti_sysbios_knl_Clock_tickPeriod__C                              
000077bc  ti_sysbios_knl_Mailbox_Instance_State_freeQue__O                
000077c0  ti_sysbios_knl_Mailbox_Object__count__C                         
000077c4  ti_sysbios_knl_Mailbox_maxTypeAlign__C                          
000077c8  ti_sysbios_knl_Semaphore_Instance_State_pendQ__O                
000077cc  ti_sysbios_knl_Swi_Object__count__C                             
000077d0  ti_sysbios_knl_Task_Module_State_inactiveQ__O                   
000077d4  ti_sysbios_knl_Task_Object__count__C                            
000077d8  ti_sysbios_knl_Task_Object__heap__C                             
000077dc  ti_sysbios_knl_Task_allBlockedFunc__C                           
000077e0  ti_sysbios_knl_Task_defaultStackHeap__C                         
000077e4  ti_sysbios_knl_Task_defaultStackSize__C                         
000077e8  ti_sysbios_knl_Task_numConstructedTasks__C                      
000077ec  xdc_runtime_Error_E_memory__C                                   
000077f0  xdc_runtime_Error_policyFxn__C                                  
000077f4  xdc_runtime_IGateProvider_Interface__BASE__C                    
000077f8  xdc_runtime_IHeap_Interface__BASE__C                            
000077fc  xdc_runtime_IModule_Interface__BASE__C                          
00007800  xdc_runtime_Memory_defaultHeapInstance__C                       
00007804  xdc_runtime_Startup_execImpl__C                                 
00007808  xdc_runtime_Startup_maxPasses__C                                
0000780c  xdc_runtime_Startup_sfxnRts__C                                  
00007810  xdc_runtime_Startup_sfxnTab__C                                  
00007814  xdc_runtime_SysCallback_abortFxn__C                             
00007818  xdc_runtime_SysCallback_exitFxn__C                              
0000781c  xdc_runtime_SysCallback_putchFxn__C                             
00007820  xdc_runtime_SysCallback_readyFxn__C                             
00007824  xdc_runtime_System_Module__gateObj__C                           
00007828  xdc_runtime_System_abortFxn__C                                  
0000782c  xdc_runtime_System_exitFxn__C                                   
00007830  xdc_runtime_System_extendFxn__C                                 
00007834  xdc_runtime_System_maxAtexitHandlers__C                         
00007838  Display_count                                                   
00007839  I2C_count                                                       
0000783a  UART_count                                                      
0000783b  xdc_runtime_Error_policy__C                                     
0000783c  ti_sysbios_family_arm_msp432_init_Boot_bypassLFXT__C            
0000783e  ti_sysbios_family_arm_msp432_init_Boot_enableHFXT__C            
00007840  ti_sysbios_family_arm_msp432_init_Boot_enableLFXT__C            
00007842  ti_sysbios_heaps_HeapMem_Module__id__C                          
00007844  xdc_runtime_Memory_Module__id__C                                
00007848  __TI_static_base__                                              
00007a64  __TI_Handler_Table_Base                                         
00007a70  __TI_Handler_Table_Limit                                        
00007a78  __TI_CINIT_Base                                                 
00007a88  __TI_CINIT_Limit                                                
00008000  HEAPSIZE                                                        
20000000  __start___llvm_prf_cnts                                         
20000000  __stop___llvm_prf_cnts                                          
20000000  ti_sysbios_family_arm_m3_Hwi_ramVectors                         
20000140  __primary_heap_start__                                          
20008140  __primary_heap_end__                                            
20008540  ti_sysbios_knl_Task_Instance_State_0_stack__A                   
20008740  ti_sysbios_family_arm_m3_Hwi_dispatchTable                      
20008880  i2cMSP432Objects                                                
20008920  uartMSP432Objects                                               
200089f0  i2cTransaction                                                  
20008a0c  i2cParams                                                       
20008a1c  displayUartObject                                               
20008a28  readBuffer                                                      
20008a34  writeBuffer                                                     
20008a50  ClockP_tickPeriod                                               
20008a54  i2c0                                                            
20008a58  i2c1                                                            
20008a5c  ti_sysbios_knl_Task_Instance_State_0_hookEnv__A                 
20008a60  PowerMSP432_perfLevels                                          
20008c28  ti_sysbios_knl_Swi_Module_State_0_readyQ__A                     
20008ca8  ti_sysbios_knl_Task_Module_State_0_readyQ__A                    
20008d28  ti_sysbios_gates_GateMutex_Object__table__V                     
20008d7c  ti_sysbios_knl_Task_Object__table__V                            
20008dc8  ti_sysbios_family_arm_msp432_Timer_Object__table__V             
20008e0c  ti_sysbios_knl_Task_Module__state__V                            
20008e50  ti_sysbios_family_arm_m3_Hwi_Module__state__V                   
20008e84  ti_sysbios_knl_Swi_Object__table__V                             
20008eb4  PowerMSP432_module                                              
20008ee0  ti_sysbios_knl_Clock_Module__state__V                           
20008f0c  ti_sysbios_BIOS_Module__state__V                                
20008f30  ti_sysbios_family_arm_msp432_Timer_Module_State_0_device__A     
20008f50  xdc_runtime_Error_IgnoreBlock                                   
20008f70  ti_sysbios_knl_Swi_Module__state__V                             
20008f8c  ti_sysbios_family_arm_m3_Hwi_Object__table__V                   
20008fa4  ti_sysbios_heaps_HeapMem_Object__table__V                       
20008fbc  gpioCallbackFunctions                                           
20008fcc  gpioPinConfigs                                                  
20008fdc  ti_sysbios_family_arm_msp432_Timer_Module_State_0_handles__A    
20008fec  ti_sysbios_family_arm_msp432_ClockFreqs_Module__state__V        
20008ff8  ti_sysbios_family_arm_msp432_Timer_Module__state__V             
20009004  _lock                                                           
20009008  _unlock                                                         
2000900c  ti_sysbios_family_arm_m3_Hwi_Module__root__V                    
20009014  ti_sysbios_gates_GateHwi_Module__root__V                        
2000901c  ti_sysbios_gates_GateMutex_Module__root__V                      
20009024  ti_sysbios_heaps_HeapMem_Module__root__V                        
2000902c  ti_sysbios_knl_Clock_Module__root__V                            
20009034  ti_sysbios_knl_Queue_Module__root__V                            
2000903c  ti_sysbios_knl_Semaphore_Module__root__V                        
20009044  ti_sysbios_knl_Task_Module__root__V                             
2000904c  xdc_runtime_Startup_Module__state__V                            
20009054  xdc_runtime_System_Module_State_0_atexitHandlers__A             
2000905c  xdc_runtime_System_Module__state__V                             
20009064  main_func_sp                                                    
20009068  ti_sysbios_family_arm_m3_Hwi_Module_State_0_excContext__A       
2000906c  ti_sysbios_family_arm_m3_Hwi_Module_State_0_excStack__A         
20009070  ti_sysbios_gates_GateHwi_Object__table__V                       
20009074  ti_sysbios_knl_Task_Module_State_0_idleTask__A                  
20009078  ti_sysbios_rts_ti_ReentSupport_Module__state__V                 
2000907c  xdc_runtime_Memory_Module__state__V                             
20009082  ti_sysbios_family_arm_m3_Hwi_Module_State_0_excActive__A        
20009086  retVal                                                          
2000fc00  __stack                                                         
20010000  __STACK_END                                                     
4000480c  WDTCTL_SYM                                                      
e000e000  ti_sysbios_family_arm_m3_Hwi_nvic                               
ffffffff  __TI_pprof_out_hndl                                             
ffffffff  __TI_prof_data_size                                             
ffffffff  __TI_prof_data_start                                            
ffffffff  __binit__                                                       
ffffffff  __c_args__                                                      
ffffffff  binit                                                           
UNDEFED   SHT$$INIT_ARRAY$$Base                                           
UNDEFED   SHT$$INIT_ARRAY$$Limit                                          

[598 symbols]
